Archive member included because of file (symbol)

C:/Freescale/CW MCU v10.6/MCU/ARM_GCC_Support/ewl/lib/armv7e-m/fpu\libc.a(exit.o)
                              ./Project_Settings/Startup_Code/__arm_start.o (exit)
C:/Freescale/CW MCU v10.6/MCU/ARM_GCC_Support/ewl/lib/armv7e-m/fpu\libc.a(memset.o)
                              ./Project_Settings/Startup_Code/__arm_start.o (memset)
C:/Freescale/CW MCU v10.6/MCU/ARM_GCC_Support/ewl/lib/armv7e-m/fpu\libc.a(__filll_mem.o)
                              C:/Freescale/CW MCU v10.6/MCU/ARM_GCC_Support/ewl/lib/armv7e-m/fpu\libc.a(memset.o) (__fill_mem)
C:/Freescale/CW MCU v10.6/MCU/ARM_GCC_Support/ewl/lib/armv7e-m/fpu\libc.a(printformat_.o)
                              (__pformatter_)
C:/Freescale/CW MCU v10.6/MCU/ARM_GCC_Support/ewl/lib/armv7e-m/fpu\libc.a(scanformat_.o)
                              (__sformatter)
C:/Freescale/CW MCU v10.6/MCU/ARM_GCC_Support/ewl/lib/armv7e-m/fpu\libc.a(ctype_aeabi.o)
                              C:/Freescale/CW MCU v10.6/MCU/ARM_GCC_Support/ewl/lib/armv7e-m/fpu\libc.a(scanformat_.o) (isspace)
C:/Freescale/CW MCU v10.6/MCU/ARM_GCC_Support/ewl/lib/armv7e-m/fpu\libc.a(__strtoul.o)
                              C:/Freescale/CW MCU v10.6/MCU/ARM_GCC_Support/ewl/lib/armv7e-m/fpu\libc.a(scanformat_.o) (__strtoul)
C:/Freescale/CW MCU v10.6/MCU/ARM_GCC_Support/ewl/lib/armv7e-m/fpu\libc.a(strchr.o)
                              C:/Freescale/CW MCU v10.6/MCU/ARM_GCC_Support/ewl/lib/armv7e-m/fpu\libc.a(printformat_.o) (strchr)
C:/Freescale/CW MCU v10.6/MCU/ARM_GCC_Support/ewl/lib/armv7e-m/fpu\libc.a(strlen.o)
                              C:/Freescale/CW MCU v10.6/MCU/ARM_GCC_Support/ewl/lib/armv7e-m/fpu\libc.a(printformat_.o) (strlen)
C:/Freescale/CW MCU v10.6/MCU/ARM_GCC_Support/ewl/lib/armv7e-m/fpu\libc.a(memchr.o)
                              C:/Freescale/CW MCU v10.6/MCU/ARM_GCC_Support/ewl/lib/armv7e-m/fpu\libc.a(printformat_.o) (memchr)
C:/Freescale/CW MCU v10.6/MCU/ARM_GCC_Support/ewl/lib/armv7e-m/fpu\librt.a(gcc_ctor_dtor.o)
                              ./Project_Settings/Startup_Code/__arm_start.o (__init_cpp)
C:/Freescale/CW MCU v10.6/MCU/ARM_GCC_Support/ewl/lib/armv7e-m/fpu\librt.a(__arm_eabi_init.o)
                              C:/Freescale/CW MCU v10.6/MCU/ARM_GCC_Support/ewl/lib/armv7e-m/fpu\libc.a(exit.o) (__destroy_global_chain)
C:/Freescale/CW MCU v10.6/MCU/ARM_GCC_Support/ewl/lib/armv7e-m/fpu\librt.a(ROMCopy.o)
                              ./Project_Settings/Startup_Code/__arm_start.o (__copy_rom_sections_to_ram)

Allocating common symbols
Common symbol       size              file

SR_reg              0x1               ./Generated_Code/Cpu.o

Discarded input sections

 .text          0x00000000        0x0 ./Generated_Code/serwo.o
 .data          0x00000000        0x0 ./Generated_Code/serwo.o
 .bss           0x00000000        0x0 ./Generated_Code/serwo.o
 .text.serwo_SetRatio16
                0x00000000       0x2c ./Generated_Code/serwo.o
 .text.serwo_SetDutyMS
                0x00000000       0x7c ./Generated_Code/serwo.o
 .text.SetRatio
                0x00000000       0x58 ./Generated_Code/serwo.o
 .text          0x00000000        0x0 ./Generated_Code/periodyczne.o
 .data          0x00000000        0x0 ./Generated_Code/periodyczne.o
 .bss           0x00000000        0x0 ./Generated_Code/periodyczne.o
 .bss.DeviceDataPrv__DEFAULT_RTOS_ALLOC
                0x00000000        0xc ./Generated_Code/periodyczne.o
 .text.periodyczne_Init
                0x00000000       0x64 ./Generated_Code/periodyczne.o
 .text          0x00000000        0x0 ./Generated_Code/dioda_r.o
 .data          0x00000000        0x0 ./Generated_Code/dioda_r.o
 .bss           0x00000000        0x0 ./Generated_Code/dioda_r.o
 .text.dioda_r_SetRatio16
                0x00000000       0x2c ./Generated_Code/dioda_r.o
 .text.dioda_r_SetDutyMS
                0x00000000       0x80 ./Generated_Code/dioda_r.o
 .text.SetRatio
                0x00000000       0x58 ./Generated_Code/dioda_r.o
 .text          0x00000000        0x0 ./Generated_Code/dioda_g.o
 .data          0x00000000        0x0 ./Generated_Code/dioda_g.o
 .bss           0x00000000        0x0 ./Generated_Code/dioda_g.o
 .bss.DeviceDataPrv__DEFAULT_RTOS_ALLOC
                0x00000000        0xc ./Generated_Code/dioda_g.o
 .text.dioda_g_Init
                0x00000000       0x6c ./Generated_Code/dioda_g.o
 .text.dioda_g_SetRatio16
                0x00000000       0x2c ./Generated_Code/dioda_g.o
 .text.dioda_g_SetDutyMS
                0x00000000       0x80 ./Generated_Code/dioda_g.o
 .text.SetRatio
                0x00000000       0x58 ./Generated_Code/dioda_g.o
 .debug_info    0x00000000      0x26f ./Generated_Code/dioda_g.o
 .debug_abbrev  0x00000000       0xec ./Generated_Code/dioda_g.o
 .debug_loc     0x00000000       0xe0 ./Generated_Code/dioda_g.o
 .debug_aranges
                0x00000000       0x38 ./Generated_Code/dioda_g.o
 .debug_macinfo
                0x00000000    0x920e2 ./Generated_Code/dioda_g.o
 .debug_line    0x00000000      0x2d4 ./Generated_Code/dioda_g.o
 .debug_str     0x00000000      0x266 ./Generated_Code/dioda_g.o
 .comment       0x00000000       0x7a ./Generated_Code/dioda_g.o
 .ARM.attributes
                0x00000000       0x3b ./Generated_Code/dioda_g.o
 .debug_frame   0x00000000       0x90 ./Generated_Code/dioda_g.o
 .text          0x00000000        0x0 ./Generated_Code/dioda_b.o
 .data          0x00000000        0x0 ./Generated_Code/dioda_b.o
 .bss           0x00000000        0x0 ./Generated_Code/dioda_b.o
 .bss.DeviceDataPrv__DEFAULT_RTOS_ALLOC
                0x00000000        0xc ./Generated_Code/dioda_b.o
 .text.dioda_b_Init
                0x00000000       0x6c ./Generated_Code/dioda_b.o
 .text.dioda_b_SetRatio16
                0x00000000       0x2c ./Generated_Code/dioda_b.o
 .text.dioda_b_SetDutyMS
                0x00000000       0x80 ./Generated_Code/dioda_b.o
 .text.SetRatio
                0x00000000       0x58 ./Generated_Code/dioda_b.o
 .debug_info    0x00000000      0x26f ./Generated_Code/dioda_b.o
 .debug_abbrev  0x00000000       0xec ./Generated_Code/dioda_b.o
 .debug_loc     0x00000000       0xe0 ./Generated_Code/dioda_b.o
 .debug_aranges
                0x00000000       0x38 ./Generated_Code/dioda_b.o
 .debug_macinfo
                0x00000000    0x920e2 ./Generated_Code/dioda_b.o
 .debug_line    0x00000000      0x2d4 ./Generated_Code/dioda_b.o
 .debug_str     0x00000000      0x266 ./Generated_Code/dioda_b.o
 .comment       0x00000000       0x7a ./Generated_Code/dioda_b.o
 .ARM.attributes
                0x00000000       0x3b ./Generated_Code/dioda_b.o
 .debug_frame   0x00000000       0x90 ./Generated_Code/dioda_b.o
 .text          0x00000000        0x0 ./Generated_Code/Vectors.o
 .data          0x00000000        0x0 ./Generated_Code/Vectors.o
 .bss           0x00000000        0x0 ./Generated_Code/Vectors.o
 .text          0x00000000        0x0 ./Generated_Code/TU4.o
 .data          0x00000000        0x0 ./Generated_Code/TU4.o
 .bss           0x00000000        0x0 ./Generated_Code/TU4.o
 .rodata.ChannelDevice
                0x00000000        0x4 ./Generated_Code/TU4.o
 .rodata.ChannelMode
                0x00000000        0x4 ./Generated_Code/TU4.o
 .text.TU4_GetPeriodTicks
                0x00000000       0x34 ./Generated_Code/TU4.o
 .text.TU4_GetCounterValue
                0x00000000       0x20 ./Generated_Code/TU4.o
 .text.TU4_SetOffsetTicks
                0x00000000       0x64 ./Generated_Code/TU4.o
 .text.TU4_GetOffsetTicks
                0x00000000       0x68 ./Generated_Code/TU4.o
 .text.TU4_SelectOutputAction
                0x00000000      0x33c ./Generated_Code/TU4.o
 .text          0x00000000        0x0 ./Generated_Code/TU2.o
 .data          0x00000000        0x0 ./Generated_Code/TU2.o
 .bss           0x00000000        0x0 ./Generated_Code/TU2.o
 .bss.DeviceDataPrv__DEFAULT_RTOS_ALLOC
                0x00000000        0xc ./Generated_Code/TU2.o
 .text.TU2_Init
                0x00000000      0x140 ./Generated_Code/TU2.o
 .text          0x00000000        0x0 ./Generated_Code/TU1.o
 .data          0x00000000        0x0 ./Generated_Code/TU1.o
 .bss           0x00000000        0x0 ./Generated_Code/TU1.o
 .rodata.ChannelDevice
                0x00000000        0x4 ./Generated_Code/TU1.o
 .rodata.ChannelMode
                0x00000000        0x4 ./Generated_Code/TU1.o
 .text.TU1_GetPeriodTicks
                0x00000000       0x34 ./Generated_Code/TU1.o
 .text.TU1_GetCounterValue
                0x00000000       0x20 ./Generated_Code/TU1.o
 .text.TU1_SetOffsetTicks
                0x00000000       0x64 ./Generated_Code/TU1.o
 .text.TU1_GetOffsetTicks
                0x00000000       0x68 ./Generated_Code/TU1.o
 .text.TU1_SelectOutputAction
                0x00000000      0x33c ./Generated_Code/TU1.o
 .text          0x00000000        0x0 ./Generated_Code/PE_LDD.o
 .data          0x00000000        0x0 ./Generated_Code/PE_LDD.o
 .bss           0x00000000        0x0 ./Generated_Code/PE_LDD.o
 .rodata.PE_CpuClockConfigurations
                0x00000000       0x28 ./Generated_Code/PE_LDD.o
 .text.PE_FillMemory
                0x00000000       0x30 ./Generated_Code/PE_LDD.o
 .text.PE_PeripheralUsed
                0x00000000       0x4c ./Generated_Code/PE_LDD.o
 .text.LDD_SetClockConfiguration
                0x00000000       0x14 ./Generated_Code/PE_LDD.o
 .text          0x00000000        0x0 ./Generated_Code/Cpu.o
 .data          0x00000000        0x0 ./Generated_Code/Cpu.o
 .bss           0x00000000        0x0 ./Generated_Code/Cpu.o
 .bss.SR_lock   0x00000000        0x1 ./Generated_Code/Cpu.o
 COMMON         0x00000000        0x1 ./Generated_Code/Cpu.o
 .text          0x00000000        0x0 ./Project_Settings/Startup_Code/__arm_start.o
 .data          0x00000000        0x0 ./Project_Settings/Startup_Code/__arm_start.o
 .bss           0x00000000        0x0 ./Project_Settings/Startup_Code/__arm_start.o
 .text.__iar_program_start
                0x00000000        0x4 ./Project_Settings/Startup_Code/__arm_start.o
 .text          0x00000000        0x0 ./Project_Settings/Startup_Code/__arm_end.o
 .data          0x00000000        0x0 ./Project_Settings/Startup_Code/__arm_end.o
 .bss           0x00000000        0x0 ./Project_Settings/Startup_Code/__arm_end.o
 .text          0x00000000        0x0 ./Sources/main.o
 .data          0x00000000        0x0 ./Sources/main.o
 .bss           0x00000000        0x0 ./Sources/main.o
 .text          0x00000000        0x0 ./Sources/Events.o
 .data          0x00000000        0x0 ./Sources/Events.o
 .bss           0x00000000        0x0 ./Sources/Events.o
 .text          0x00000000        0x0 C:/Freescale/CW MCU v10.6/MCU/ARM_GCC_Support/ewl/lib/armv7e-m/fpu\libc.a(exit.o)
 .data          0x00000000        0x0 C:/Freescale/CW MCU v10.6/MCU/ARM_GCC_Support/ewl/lib/armv7e-m/fpu\libc.a(exit.o)
 .bss           0x00000000        0x0 C:/Freescale/CW MCU v10.6/MCU/ARM_GCC_Support/ewl/lib/armv7e-m/fpu\libc.a(exit.o)
 .text          0x00000000        0x0 C:/Freescale/CW MCU v10.6/MCU/ARM_GCC_Support/ewl/lib/armv7e-m/fpu\libc.a(memset.o)
 .data          0x00000000        0x0 C:/Freescale/CW MCU v10.6/MCU/ARM_GCC_Support/ewl/lib/armv7e-m/fpu\libc.a(memset.o)
 .bss           0x00000000        0x0 C:/Freescale/CW MCU v10.6/MCU/ARM_GCC_Support/ewl/lib/armv7e-m/fpu\libc.a(memset.o)
 .text          0x00000000        0x0 C:/Freescale/CW MCU v10.6/MCU/ARM_GCC_Support/ewl/lib/armv7e-m/fpu\libc.a(__filll_mem.o)
 .data          0x00000000        0x0 C:/Freescale/CW MCU v10.6/MCU/ARM_GCC_Support/ewl/lib/armv7e-m/fpu\libc.a(__filll_mem.o)
 .bss           0x00000000        0x0 C:/Freescale/CW MCU v10.6/MCU/ARM_GCC_Support/ewl/lib/armv7e-m/fpu\libc.a(__filll_mem.o)
 .text          0x00000000        0x0 C:/Freescale/CW MCU v10.6/MCU/ARM_GCC_Support/ewl/lib/armv7e-m/fpu\libc.a(printformat_.o)
 .data          0x00000000        0x0 C:/Freescale/CW MCU v10.6/MCU/ARM_GCC_Support/ewl/lib/armv7e-m/fpu\libc.a(printformat_.o)
 .bss           0x00000000        0x0 C:/Freescale/CW MCU v10.6/MCU/ARM_GCC_Support/ewl/lib/armv7e-m/fpu\libc.a(printformat_.o)
 .text          0x00000000        0x0 C:/Freescale/CW MCU v10.6/MCU/ARM_GCC_Support/ewl/lib/armv7e-m/fpu\libc.a(scanformat_.o)
 .data          0x00000000        0x0 C:/Freescale/CW MCU v10.6/MCU/ARM_GCC_Support/ewl/lib/armv7e-m/fpu\libc.a(scanformat_.o)
 .bss           0x00000000        0x0 C:/Freescale/CW MCU v10.6/MCU/ARM_GCC_Support/ewl/lib/armv7e-m/fpu\libc.a(scanformat_.o)
 .text          0x00000000        0x0 C:/Freescale/CW MCU v10.6/MCU/ARM_GCC_Support/ewl/lib/armv7e-m/fpu\libc.a(ctype_aeabi.o)
 .data          0x00000000        0x0 C:/Freescale/CW MCU v10.6/MCU/ARM_GCC_Support/ewl/lib/armv7e-m/fpu\libc.a(ctype_aeabi.o)
 .bss           0x00000000        0x0 C:/Freescale/CW MCU v10.6/MCU/ARM_GCC_Support/ewl/lib/armv7e-m/fpu\libc.a(ctype_aeabi.o)
 .text.isalnum  0x00000000       0x18 C:/Freescale/CW MCU v10.6/MCU/ARM_GCC_Support/ewl/lib/armv7e-m/fpu\libc.a(ctype_aeabi.o)
 .text.iscntrl  0x00000000       0x1c C:/Freescale/CW MCU v10.6/MCU/ARM_GCC_Support/ewl/lib/armv7e-m/fpu\libc.a(ctype_aeabi.o)
 .text.isdigit  0x00000000        0xc C:/Freescale/CW MCU v10.6/MCU/ARM_GCC_Support/ewl/lib/armv7e-m/fpu\libc.a(ctype_aeabi.o)
 .text.isgraph  0x00000000       0x18 C:/Freescale/CW MCU v10.6/MCU/ARM_GCC_Support/ewl/lib/armv7e-m/fpu\libc.a(ctype_aeabi.o)
 .text.islower  0x00000000       0x1c C:/Freescale/CW MCU v10.6/MCU/ARM_GCC_Support/ewl/lib/armv7e-m/fpu\libc.a(ctype_aeabi.o)
 .text.isprint  0x00000000       0x18 C:/Freescale/CW MCU v10.6/MCU/ARM_GCC_Support/ewl/lib/armv7e-m/fpu\libc.a(ctype_aeabi.o)
 .text.ispunct  0x00000000       0x1c C:/Freescale/CW MCU v10.6/MCU/ARM_GCC_Support/ewl/lib/armv7e-m/fpu\libc.a(ctype_aeabi.o)
 .text.isupper  0x00000000       0x1c C:/Freescale/CW MCU v10.6/MCU/ARM_GCC_Support/ewl/lib/armv7e-m/fpu\libc.a(ctype_aeabi.o)
 .text.isxdigit
                0x00000000       0x1c C:/Freescale/CW MCU v10.6/MCU/ARM_GCC_Support/ewl/lib/armv7e-m/fpu\libc.a(ctype_aeabi.o)
 .text.isblank  0x00000000       0x28 C:/Freescale/CW MCU v10.6/MCU/ARM_GCC_Support/ewl/lib/armv7e-m/fpu\libc.a(ctype_aeabi.o)
 .text.tolower  0x00000000        0xc C:/Freescale/CW MCU v10.6/MCU/ARM_GCC_Support/ewl/lib/armv7e-m/fpu\libc.a(ctype_aeabi.o)
 .text          0x00000000        0x0 C:/Freescale/CW MCU v10.6/MCU/ARM_GCC_Support/ewl/lib/armv7e-m/fpu\libc.a(__strtoul.o)
 .data          0x00000000        0x0 C:/Freescale/CW MCU v10.6/MCU/ARM_GCC_Support/ewl/lib/armv7e-m/fpu\libc.a(__strtoul.o)
 .bss           0x00000000        0x0 C:/Freescale/CW MCU v10.6/MCU/ARM_GCC_Support/ewl/lib/armv7e-m/fpu\libc.a(__strtoul.o)
 .text          0x00000000        0x0 C:/Freescale/CW MCU v10.6/MCU/ARM_GCC_Support/ewl/lib/armv7e-m/fpu\libc.a(strchr.o)
 .data          0x00000000        0x0 C:/Freescale/CW MCU v10.6/MCU/ARM_GCC_Support/ewl/lib/armv7e-m/fpu\libc.a(strchr.o)
 .bss           0x00000000        0x0 C:/Freescale/CW MCU v10.6/MCU/ARM_GCC_Support/ewl/lib/armv7e-m/fpu\libc.a(strchr.o)
 .text          0x00000000        0x0 C:/Freescale/CW MCU v10.6/MCU/ARM_GCC_Support/ewl/lib/armv7e-m/fpu\libc.a(strlen.o)
 .data          0x00000000        0x0 C:/Freescale/CW MCU v10.6/MCU/ARM_GCC_Support/ewl/lib/armv7e-m/fpu\libc.a(strlen.o)
 .bss           0x00000000        0x0 C:/Freescale/CW MCU v10.6/MCU/ARM_GCC_Support/ewl/lib/armv7e-m/fpu\libc.a(strlen.o)
 .text          0x00000000        0x0 C:/Freescale/CW MCU v10.6/MCU/ARM_GCC_Support/ewl/lib/armv7e-m/fpu\libc.a(memchr.o)
 .data          0x00000000        0x0 C:/Freescale/CW MCU v10.6/MCU/ARM_GCC_Support/ewl/lib/armv7e-m/fpu\libc.a(memchr.o)
 .bss           0x00000000        0x0 C:/Freescale/CW MCU v10.6/MCU/ARM_GCC_Support/ewl/lib/armv7e-m/fpu\libc.a(memchr.o)
 .text          0x00000000        0x0 C:/Freescale/CW MCU v10.6/MCU/ARM_GCC_Support/ewl/lib/armv7e-m/fpu\librt.a(gcc_ctor_dtor.o)
 .data          0x00000000        0x0 C:/Freescale/CW MCU v10.6/MCU/ARM_GCC_Support/ewl/lib/armv7e-m/fpu\librt.a(gcc_ctor_dtor.o)
 .bss           0x00000000        0x0 C:/Freescale/CW MCU v10.6/MCU/ARM_GCC_Support/ewl/lib/armv7e-m/fpu\librt.a(gcc_ctor_dtor.o)
 .bss.__dso_handle
                0x00000000        0x4 C:/Freescale/CW MCU v10.6/MCU/ARM_GCC_Support/ewl/lib/armv7e-m/fpu\librt.a(gcc_ctor_dtor.o)
 .text          0x00000000        0x0 C:/Freescale/CW MCU v10.6/MCU/ARM_GCC_Support/ewl/lib/armv7e-m/fpu\librt.a(__arm_eabi_init.o)
 .data          0x00000000        0x0 C:/Freescale/CW MCU v10.6/MCU/ARM_GCC_Support/ewl/lib/armv7e-m/fpu\librt.a(__arm_eabi_init.o)
 .bss           0x00000000        0x0 C:/Freescale/CW MCU v10.6/MCU/ARM_GCC_Support/ewl/lib/armv7e-m/fpu\librt.a(__arm_eabi_init.o)
 .text.__register_global_object
                0x00000000       0x14 C:/Freescale/CW MCU v10.6/MCU/ARM_GCC_Support/ewl/lib/armv7e-m/fpu\librt.a(__arm_eabi_init.o)
 .text.__cxa_atexit
                0x00000000       0x38 C:/Freescale/CW MCU v10.6/MCU/ARM_GCC_Support/ewl/lib/armv7e-m/fpu\librt.a(__arm_eabi_init.o)
 .text.__aeabi_atexit
                0x00000000        0xa C:/Freescale/CW MCU v10.6/MCU/ARM_GCC_Support/ewl/lib/armv7e-m/fpu\librt.a(__arm_eabi_init.o)
 .text.__register_atexit
                0x00000000        0x8 C:/Freescale/CW MCU v10.6/MCU/ARM_GCC_Support/ewl/lib/armv7e-m/fpu\librt.a(__arm_eabi_init.o)
 .text.__init_hardware
                0x00000000        0x4 C:/Freescale/CW MCU v10.6/MCU/ARM_GCC_Support/ewl/lib/armv7e-m/fpu\librt.a(__arm_eabi_init.o)
 .bss.atexit_curr_func
                0x00000000        0x4 C:/Freescale/CW MCU v10.6/MCU/ARM_GCC_Support/ewl/lib/armv7e-m/fpu\librt.a(__arm_eabi_init.o)
 .bss.atexit_funcs
                0x00000000      0x300 C:/Freescale/CW MCU v10.6/MCU/ARM_GCC_Support/ewl/lib/armv7e-m/fpu\librt.a(__arm_eabi_init.o)
 .text          0x00000000        0x0 C:/Freescale/CW MCU v10.6/MCU/ARM_GCC_Support/ewl/lib/armv7e-m/fpu\librt.a(ROMCopy.o)
 .data          0x00000000        0x0 C:/Freescale/CW MCU v10.6/MCU/ARM_GCC_Support/ewl/lib/armv7e-m/fpu\librt.a(ROMCopy.o)
 .bss           0x00000000        0x0 C:/Freescale/CW MCU v10.6/MCU/ARM_GCC_Support/ewl/lib/armv7e-m/fpu\librt.a(ROMCopy.o)
 .text.__flush_cache
                0x00000000        0x2 C:/Freescale/CW MCU v10.6/MCU/ARM_GCC_Support/ewl/lib/armv7e-m/fpu\librt.a(ROMCopy.o)

Memory Configuration

Name             Origin             Length             Attributes
m_interrupts     0x1fff0000         0x000001e8         xr
m_text           0x20000000         0x00010000         xr
m_data           0x1fff01e8         0x0000fe18         rw
m_cfmprotrom     0x00000400         0x00000010         xr
*default*        0x00000000         0xffffffff

Linker script and memory map

LOAD ./Generated_Code/serwo.o
LOAD ./Generated_Code/periodyczne.o
LOAD ./Generated_Code/dioda_r.o
LOAD ./Generated_Code/dioda_g.o
LOAD ./Generated_Code/dioda_b.o
LOAD ./Generated_Code/Vectors.o
LOAD ./Generated_Code/TU4.o
LOAD ./Generated_Code/TU2.o
LOAD ./Generated_Code/TU1.o
LOAD ./Generated_Code/PE_LDD.o
LOAD ./Generated_Code/Cpu.o
LOAD ./Project_Settings/Startup_Code/__arm_start.o
LOAD ./Project_Settings/Startup_Code/__arm_end.o
LOAD ./Sources/main.o
LOAD ./Sources/Events.o
                0x20000c50                __pformatter = __pformatter_
                [0x20001048]                __sformatter = __sformatter
START GROUP
LOAD C:/Freescale/CW MCU v10.6/MCU/ARM_GCC_Support/ewl/lib/armv7e-m/fpu\libc.a
LOAD C:/Freescale/CW MCU v10.6/MCU/ARM_GCC_Support/ewl/lib/armv7e-m/fpu\libm.a
LOAD c:/freescale/cw mcu v10.6/cross_tools/arm-none-eabi-gcc-4_7_3/bin/../lib/gcc/arm-none-eabi/4.7.3/armv7e-m/fpu\libgcc.a
LOAD C:/Freescale/CW MCU v10.6/MCU/ARM_GCC_Support/ewl/lib/armv7e-m/fpu\librt.a
LOAD C:/Freescale/CW MCU v10.6/MCU/ARM_GCC_Support/ewl/lib/armv7e-m/fpu\libuart.a
END GROUP
                0x20000000                _estack = 0x20000000
                0x20000000                __SP_INIT = _estack
                0x00000000                __heap_size = 0x0
                0x00000400                __stack_size = 0x400

.interrupts     0x1fff0000      0x1e8
                0x1fff0000                __vector_table = .
                0x1fff0000                . = ALIGN (0x4)
 *(.vectortable)
 .vectortable   0x1fff0000      0x1e8 ./Generated_Code/Vectors.o
                0x1fff0000                __vect_table
                0x1fff01e8                . = ALIGN (0x4)

.cfmprotect     0x00000400        0x0
                0x00000400                . = ALIGN (0x4)
 *(.cfmconfig)
                0x00000400                . = ALIGN (0x4)

.text           0x20000000     0x1c34
                0x20000000                . = ALIGN (0x4)
 *(.text)
 *(.text*)
 .text.serwo_Init
                0x20000000       0x6c ./Generated_Code/serwo.o
                0x20000000                serwo_Init
 .text.TU2_OnCounterRestart
                0x2000006c       0x28 ./Generated_Code/periodyczne.o
                0x2000006c                TU2_OnCounterRestart
 .text.dioda_r_Init
                0x20000094       0x6c ./Generated_Code/dioda_r.o
                0x20000094                dioda_r_Init
 .text.TU4_Init
                0x20000100      0x210 ./Generated_Code/TU4.o
                0x20000100                TU4_Init
 .text.TU2_Interrupt
                0x20000310       0x80 ./Generated_Code/TU2.o
                0x20000310                TU2_Interrupt
 .text.TU1_Init
                0x20000390      0x198 ./Generated_Code/TU1.o
                0x20000390                TU1_Init
 .text.Cpu_INT_NMIInterrupt
                0x20000528       0x1c ./Generated_Code/Cpu.o
                0x20000528                Cpu_INT_NMIInterrupt
 .text.Cpu_Interrupt
                0x20000544       0x18 ./Generated_Code/Cpu.o
                0x20000544                Cpu_Interrupt
 .text.__init_hardware
                0x2000055c      0x294 ./Generated_Code/Cpu.o
                0x2000055c                __init_hardware
 .text.Cpu_SetBASEPRI
                0x200007f0       0x18 ./Generated_Code/Cpu.o
                0x200007f0                Cpu_SetBASEPRI
 .text.PE_low_level_init
                0x20000808      0x160 ./Generated_Code/Cpu.o
                0x20000808                PE_low_level_init
 .text.zero_fill_bss
                0x20000968       0x2c ./Project_Settings/Startup_Code/__arm_start.o
 .text.__thumb_startup
                0x20000994       0x34 ./Project_Settings/Startup_Code/__arm_start.o
                0x20000994                __thumb_startup
 .text._ExitProcess
                0x200009c8        0xc ./Project_Settings/Startup_Code/__arm_end.o
                0x200009c8                _ExitProcess
 .text.main     0x200009d4        0xc ./Sources/main.o
                0x200009d4                main
 .text.Cpu_OnNMIINT
                0x200009e0        0xc ./Sources/Events.o
                0x200009e0                Cpu_OnNMIINT
 .text.periodyczne_OnInterrupt
                0x200009ec       0x14 ./Sources/Events.o
                0x200009ec                periodyczne_OnInterrupt
 .text.exit     0x20000a00       0x38 C:/Freescale/CW MCU v10.6/MCU/ARM_GCC_Support/ewl/lib/armv7e-m/fpu\libc.a(exit.o)
                0x20000a00                exit
 .text.memset   0x20000a38        0xc C:/Freescale/CW MCU v10.6/MCU/ARM_GCC_Support/ewl/lib/armv7e-m/fpu\libc.a(memset.o)
                0x20000a38                memset
 .text.__fill_mem
                0x20000a44       0x76 C:/Freescale/CW MCU v10.6/MCU/ARM_GCC_Support/ewl/lib/armv7e-m/fpu\libc.a(__filll_mem.o)
                0x20000a44                __fill_mem
 .text.long2str.isra.0
                0x20000aba      0x196 C:/Freescale/CW MCU v10.6/MCU/ARM_GCC_Support/ewl/lib/armv7e-m/fpu\libc.a(printformat_.o)
 .text.__pformatter_
                0x20000c50      0x3f8 C:/Freescale/CW MCU v10.6/MCU/ARM_GCC_Support/ewl/lib/armv7e-m/fpu\libc.a(printformat_.o)
                0x20000c50                __pformatter_
 .text.__sformatter
                0x20001048      0x6f4 C:/Freescale/CW MCU v10.6/MCU/ARM_GCC_Support/ewl/lib/armv7e-m/fpu\libc.a(scanformat_.o)
                0x20001048                __sformatter
 .text.isalpha  0x2000173c       0x1c C:/Freescale/CW MCU v10.6/MCU/ARM_GCC_Support/ewl/lib/armv7e-m/fpu\libc.a(ctype_aeabi.o)
                0x2000173c                isalpha
 .text.isspace  0x20001758       0x1c C:/Freescale/CW MCU v10.6/MCU/ARM_GCC_Support/ewl/lib/armv7e-m/fpu\libc.a(ctype_aeabi.o)
                0x20001758                isspace
 .text.toupper  0x20001774        0xc C:/Freescale/CW MCU v10.6/MCU/ARM_GCC_Support/ewl/lib/armv7e-m/fpu\libc.a(ctype_aeabi.o)
                0x20001774                toupper
 .text.__strtoul
                0x20001780      0x214 C:/Freescale/CW MCU v10.6/MCU/ARM_GCC_Support/ewl/lib/armv7e-m/fpu\libc.a(__strtoul.o)
                0x20001780                __strtoul
 .text.strchr   0x20001994       0x1a C:/Freescale/CW MCU v10.6/MCU/ARM_GCC_Support/ewl/lib/armv7e-m/fpu\libc.a(strchr.o)
                0x20001994                strchr
 .text.strlen   0x200019ae       0x10 C:/Freescale/CW MCU v10.6/MCU/ARM_GCC_Support/ewl/lib/armv7e-m/fpu\libc.a(strlen.o)
                0x200019ae                strlen
 .text.memchr   0x200019be       0x18 C:/Freescale/CW MCU v10.6/MCU/ARM_GCC_Support/ewl/lib/armv7e-m/fpu\libc.a(memchr.o)
                0x200019be                memchr
 *fill*         0x200019d6        0x2 00
 .text.__init_cpp
                0x200019d8       0x4c C:/Freescale/CW MCU v10.6/MCU/ARM_GCC_Support/ewl/lib/armv7e-m/fpu\librt.a(gcc_ctor_dtor.o)
                0x200019d8                __init_cpp
 .text.__fini_cpp
                0x20001a24       0x34 C:/Freescale/CW MCU v10.6/MCU/ARM_GCC_Support/ewl/lib/armv7e-m/fpu\librt.a(gcc_ctor_dtor.o)
                0x20001a24                __fini_cpp
 .text.__destroy_global_chain
                0x20001a58       0x18 C:/Freescale/CW MCU v10.6/MCU/ARM_GCC_Support/ewl/lib/armv7e-m/fpu\librt.a(__arm_eabi_init.o)
                0x20001a58                __destroy_global_chain
 .text.__init_registers
                0x20001a70       0x24 C:/Freescale/CW MCU v10.6/MCU/ARM_GCC_Support/ewl/lib/armv7e-m/fpu\librt.a(__arm_eabi_init.o)
                0x20001a70                __init_registers
 .text.__fp_init
                0x20001a94       0x1c C:/Freescale/CW MCU v10.6/MCU/ARM_GCC_Support/ewl/lib/armv7e-m/fpu\librt.a(__arm_eabi_init.o)
                0x20001a94                __fp_init
 .text.__init_user
                0x20001ab0        0x4 C:/Freescale/CW MCU v10.6/MCU/ARM_GCC_Support/ewl/lib/armv7e-m/fpu\librt.a(__arm_eabi_init.o)
                0x20001ab0                __init_user
 .text.__copy_rom_section
                0x20001ab4       0x44 C:/Freescale/CW MCU v10.6/MCU/ARM_GCC_Support/ewl/lib/armv7e-m/fpu\librt.a(ROMCopy.o)
                0x20001ab4                __copy_rom_section
 .text.__copy_rom_sections_to_ram
                0x20001af8       0x30 C:/Freescale/CW MCU v10.6/MCU/ARM_GCC_Support/ewl/lib/armv7e-m/fpu\librt.a(ROMCopy.o)
                0x20001af8                __copy_rom_sections_to_ram
 *(.rodata)
 *(.rodata*)
 .rodata.str1.1
                0x20001b28        0x1 C:/Freescale/CW MCU v10.6/MCU/ARM_GCC_Support/ewl/lib/armv7e-m/fpu\libc.a(printformat_.o)
 .rodata.CSWTCH.20
                0x20001b29        0x5 C:/Freescale/CW MCU v10.6/MCU/ARM_GCC_Support/ewl/lib/armv7e-m/fpu\libc.a(printformat_.o)
 .rodata.CSWTCH.21
                0x20001b2e        0x5 C:/Freescale/CW MCU v10.6/MCU/ARM_GCC_Support/ewl/lib/armv7e-m/fpu\libc.a(printformat_.o)
 .rodata.__aeabi_ctype_table_C
                0x20001b33      0x101 C:/Freescale/CW MCU v10.6/MCU/ARM_GCC_Support/ewl/lib/armv7e-m/fpu\libc.a(ctype_aeabi.o)
                0x20001b33                __aeabi_ctype_table_C
 *(.glue_7)
 .glue_7        0x00000000        0x0 linker stubs
 *(.glue_7t)
 .glue_7t       0x00000000        0x0 linker stubs
 *(.eh_frame)
 *(.init)
 *(.fini)
                0x20001c34                . = ALIGN (0x4)
                0x20001c34                _etext = .

.vfp11_veneer   0x20001c34        0x0
 .vfp11_veneer  0x00000000        0x0 linker stubs

.v4_bx          0x20001c34        0x0
 .v4_bx         0x00000000        0x0 linker stubs

.iplt           0x20001c34        0x0
 .iplt          0x00000000        0x0 ./Generated_Code/serwo.o

.rel.dyn        0x20001c34        0x0
 .rel.iplt      0x00000000        0x0 ./Generated_Code/serwo.o

.ARM.extab
 *(.ARM.extab* .gnu.linkonce.armextab.*)

.ARM            0x20001c34        0x0
                0x20001c34                __exidx_start = .
 *(.ARM.exidx*)
                0x20001c34                __exidx_end = .

.ctors          0x20001c34        0x0
                0x20001c34                __CTOR_LIST__ = .
 *crtbegin.o(.ctors)
 *(EXCLUDE_FILE(*crtend.o) .ctors)
 *(SORT(.ctors.*))
 *(.ctors)
                0x20001c34                __CTOR_END__ = .

.dtors          0x20001c34        0x0
                0x20001c34                __DTOR_LIST__ = .
 *crtbegin.o(.dtors)
 *(EXCLUDE_FILE(*crtend.o) .dtors)
 *(SORT(.dtors.*))
 *(.dtors)
                0x20001c34                __DTOR_END__ = .

.preinit_array  0x20001c34        0x0
                0x20001c34                PROVIDE (__preinit_array_start, .)
 *(.preinit_array*)
                0x20001c34                PROVIDE (__preinit_array_end, .)

.init_array     0x20001c34        0x0
                0x20001c34                PROVIDE (__init_array_start, .)
 *(SORT(.init_array.*))
 *(.init_array*)
                0x20001c34                PROVIDE (__init_array_end, .)

.fini_array     0x20001c34        0x0
                0x20001c34                PROVIDE (__fini_array_start, .)
 *(SORT(.fini_array.*))
 *(.fini_array*)
                0x20001c34                PROVIDE (__fini_array_end, .)
                0x20001c34                ___ROM_AT = .

.data           0x1fff01e8        0x0
                0x1fff01e8                . = ALIGN (0x4)
                0x1fff01e8                _sdata = .
 *(.data)
 *(.data*)
                0x1fff01e8                . = ALIGN (0x4)
                0x1fff01e8                _edata = .
                0x00000000                ___data_size = (_edata - _sdata)

.igot.plt       0x1fff01e8        0x0
 .igot.plt      0x00000000        0x0 ./Generated_Code/serwo.o
                0x1fff01e8                . = ALIGN (0x4)

.bss            0x1fff01e8       0x68
                0x1fff01e8                __START_BSS = .
                0x1fff01e8                PROVIDE (__bss_start__, __START_BSS)
 *(.bss)
 *(.bss*)
 .bss.DeviceDataPrv__DEFAULT_RTOS_ALLOC
                0x1fff01e8        0xc ./Generated_Code/serwo.o
 .bss.DeviceDataPrv__DEFAULT_RTOS_ALLOC
                0x1fff01f4        0xc ./Generated_Code/dioda_r.o
 .bss.DeviceDataPrv__DEFAULT_RTOS_ALLOC
                0x1fff0200        0x8 ./Generated_Code/TU4.o
 .bss.INT_FTM1__DEFAULT_RTOS_ISRPARAM
                0x1fff0208        0x4 ./Generated_Code/TU2.o
 .bss.DeviceDataPrv__DEFAULT_RTOS_ALLOC
                0x1fff020c        0x8 ./Generated_Code/TU1.o
 .bss.PE_LDD_DeviceDataList
                0x1fff0214       0x20 ./Generated_Code/PE_LDD.o
                0x1fff0214                PE_LDD_DeviceDataList
 .bss.argv      0x1fff0234        0x4 ./Project_Settings/Startup_Code/__arm_start.o
 .bss.__stdio_exit
                0x1fff0238        0x4 C:/Freescale/CW MCU v10.6/MCU/ARM_GCC_Support/ewl/lib/armv7e-m/fpu\libc.a(exit.o)
                0x1fff0238                __stdio_exit
 .bss.__console_exit
                0x1fff023c        0x4 C:/Freescale/CW MCU v10.6/MCU/ARM_GCC_Support/ewl/lib/armv7e-m/fpu\libc.a(exit.o)
                0x1fff023c                __console_exit
 .bss.__global_destructor_chain
                0x1fff0240        0x4 C:/Freescale/CW MCU v10.6/MCU/ARM_GCC_Support/ewl/lib/armv7e-m/fpu\librt.a(__arm_eabi_init.o)
                0x1fff0240                __global_destructor_chain
 .bss.__S_romp  0x1fff0244        0xc C:/Freescale/CW MCU v10.6/MCU/ARM_GCC_Support/ewl/lib/armv7e-m/fpu\librt.a(ROMCopy.o)
 *(COMMON)
                0x1fff0250                . = ALIGN (0x4)
                0x1fff0250                __END_BSS = .
                0x1fff0250                PROVIDE (__bss_end__, __END_BSS)
                0x00000000                __S_romp = 0x0

._user_heap_stack
                0x1fff0250      0x400
                0x1fff0250                . = ALIGN (0x4)
                0x1fff0250                PROVIDE (end, .)
                0x1fff0250                PROVIDE (_end, .)
                0x1fff0250                __heap_addr = .
                0x1fff0250                . = (. + __heap_size)
                0x1fff0650                . = (. + __stack_size)
 *fill*         0x1fff0250      0x400 00
                0x1fff0650                . = ALIGN (0x4)

.ARM.attributes
                0x00000000       0x3b
 *(.ARM.attributes)
 .ARM.attributes
                0x00000000       0x3b ./Generated_Code/serwo.o
 .ARM.attributes
                0x0000003b       0x3b ./Generated_Code/periodyczne.o
 .ARM.attributes
                0x00000076       0x3b ./Generated_Code/dioda_r.o
 .ARM.attributes
                0x000000b1       0x3b ./Generated_Code/Vectors.o
 .ARM.attributes
                0x000000ec       0x3b ./Generated_Code/TU4.o
 .ARM.attributes
                0x00000127       0x3b ./Generated_Code/TU2.o
 .ARM.attributes
                0x00000162       0x3b ./Generated_Code/TU1.o
 .ARM.attributes
                0x0000019d       0x3b ./Generated_Code/PE_LDD.o
 .ARM.attributes
                0x000001d8       0x3b ./Generated_Code/Cpu.o
 .ARM.attributes
                0x00000213       0x3b ./Project_Settings/Startup_Code/__arm_start.o
 .ARM.attributes
                0x0000024e       0x3b ./Project_Settings/Startup_Code/__arm_end.o
 .ARM.attributes
                0x00000289       0x3b ./Sources/main.o
 .ARM.attributes
                0x000002c4       0x3b ./Sources/Events.o
 .ARM.attributes
                0x000002ff       0x3b C:/Freescale/CW MCU v10.6/MCU/ARM_GCC_Support/ewl/lib/armv7e-m/fpu\libc.a(exit.o)
 .ARM.attributes
                0x0000033a       0x3b C:/Freescale/CW MCU v10.6/MCU/ARM_GCC_Support/ewl/lib/armv7e-m/fpu\libc.a(memset.o)
 .ARM.attributes
                0x00000375       0x3b C:/Freescale/CW MCU v10.6/MCU/ARM_GCC_Support/ewl/lib/armv7e-m/fpu\libc.a(__filll_mem.o)
 .ARM.attributes
                0x000003b0       0x3b C:/Freescale/CW MCU v10.6/MCU/ARM_GCC_Support/ewl/lib/armv7e-m/fpu\libc.a(printformat_.o)
 .ARM.attributes
                0x000003eb       0x3b C:/Freescale/CW MCU v10.6/MCU/ARM_GCC_Support/ewl/lib/armv7e-m/fpu\libc.a(scanformat_.o)
 .ARM.attributes
                0x00000426       0x3b C:/Freescale/CW MCU v10.6/MCU/ARM_GCC_Support/ewl/lib/armv7e-m/fpu\libc.a(ctype_aeabi.o)
 .ARM.attributes
                0x00000461       0x3b C:/Freescale/CW MCU v10.6/MCU/ARM_GCC_Support/ewl/lib/armv7e-m/fpu\libc.a(__strtoul.o)
 .ARM.attributes
                0x0000049c       0x3b C:/Freescale/CW MCU v10.6/MCU/ARM_GCC_Support/ewl/lib/armv7e-m/fpu\libc.a(strchr.o)
 .ARM.attributes
                0x000004d7       0x3b C:/Freescale/CW MCU v10.6/MCU/ARM_GCC_Support/ewl/lib/armv7e-m/fpu\libc.a(strlen.o)
 .ARM.attributes
                0x00000512       0x3b C:/Freescale/CW MCU v10.6/MCU/ARM_GCC_Support/ewl/lib/armv7e-m/fpu\libc.a(memchr.o)
 .ARM.attributes
                0x0000054d       0x3b C:/Freescale/CW MCU v10.6/MCU/ARM_GCC_Support/ewl/lib/armv7e-m/fpu\librt.a(gcc_ctor_dtor.o)
 .ARM.attributes
                0x00000588       0x3b C:/Freescale/CW MCU v10.6/MCU/ARM_GCC_Support/ewl/lib/armv7e-m/fpu\librt.a(__arm_eabi_init.o)
 .ARM.attributes
                0x000005c3       0x3b C:/Freescale/CW MCU v10.6/MCU/ARM_GCC_Support/ewl/lib/armv7e-m/fpu\librt.a(ROMCopy.o)
OUTPUT(ster_rob.elf elf32-littlearm)

.debug_info     0x00000000     0x4b0b
 .debug_info    0x00000000      0x26f ./Generated_Code/serwo.o
 .debug_info    0x0000026f      0x178 ./Generated_Code/periodyczne.o
 .debug_info    0x000003e7      0x26f ./Generated_Code/dioda_r.o
 .debug_info    0x00000656      0x105 ./Generated_Code/Vectors.o
 .debug_info    0x0000075b      0x81b ./Generated_Code/TU4.o
 .debug_info    0x00000f76      0x6ed ./Generated_Code/TU2.o
 .debug_info    0x00001663      0x817 ./Generated_Code/TU1.o
 .debug_info    0x00001e7a      0x24e ./Generated_Code/PE_LDD.o
 .debug_info    0x000020c8      0xc61 ./Generated_Code/Cpu.o
 .debug_info    0x00002d29      0x12a ./Project_Settings/Startup_Code/__arm_start.o
 .debug_info    0x00002e53       0x54 ./Project_Settings/Startup_Code/__arm_end.o
 .debug_info    0x00002ea7       0x8f ./Sources/main.o
 .debug_info    0x00002f36       0xbc ./Sources/Events.o
 .debug_info    0x00002ff2       0xe8 C:/Freescale/CW MCU v10.6/MCU/ARM_GCC_Support/ewl/lib/armv7e-m/fpu\libc.a(exit.o)
 .debug_info    0x000030da       0xec C:/Freescale/CW MCU v10.6/MCU/ARM_GCC_Support/ewl/lib/armv7e-m/fpu\libc.a(memset.o)
 .debug_info    0x000031c6      0x135 C:/Freescale/CW MCU v10.6/MCU/ARM_GCC_Support/ewl/lib/armv7e-m/fpu\libc.a(__filll_mem.o)
 .debug_info    0x000032fb      0x50e C:/Freescale/CW MCU v10.6/MCU/ARM_GCC_Support/ewl/lib/armv7e-m/fpu\libc.a(printformat_.o)
 .debug_info    0x00003809      0x565 C:/Freescale/CW MCU v10.6/MCU/ARM_GCC_Support/ewl/lib/armv7e-m/fpu\libc.a(scanformat_.o)
 .debug_info    0x00003d6e      0x306 C:/Freescale/CW MCU v10.6/MCU/ARM_GCC_Support/ewl/lib/armv7e-m/fpu\libc.a(ctype_aeabi.o)
 .debug_info    0x00004074      0x1d6 C:/Freescale/CW MCU v10.6/MCU/ARM_GCC_Support/ewl/lib/armv7e-m/fpu\libc.a(__strtoul.o)
 .debug_info    0x0000424a      0x108 C:/Freescale/CW MCU v10.6/MCU/ARM_GCC_Support/ewl/lib/armv7e-m/fpu\libc.a(strchr.o)
 .debug_info    0x00004352       0xeb C:/Freescale/CW MCU v10.6/MCU/ARM_GCC_Support/ewl/lib/armv7e-m/fpu\libc.a(strlen.o)
 .debug_info    0x0000443d      0x120 C:/Freescale/CW MCU v10.6/MCU/ARM_GCC_Support/ewl/lib/armv7e-m/fpu\libc.a(memchr.o)
 .debug_info    0x0000455d      0x136 C:/Freescale/CW MCU v10.6/MCU/ARM_GCC_Support/ewl/lib/armv7e-m/fpu\librt.a(gcc_ctor_dtor.o)
 .debug_info    0x00004693      0x2de C:/Freescale/CW MCU v10.6/MCU/ARM_GCC_Support/ewl/lib/armv7e-m/fpu\librt.a(__arm_eabi_init.o)
 .debug_info    0x00004971      0x19a C:/Freescale/CW MCU v10.6/MCU/ARM_GCC_Support/ewl/lib/armv7e-m/fpu\librt.a(ROMCopy.o)

.debug_abbrev   0x00000000     0x173f
 .debug_abbrev  0x00000000       0xec ./Generated_Code/serwo.o
 .debug_abbrev  0x000000ec       0xd2 ./Generated_Code/periodyczne.o
 .debug_abbrev  0x000001be       0xec ./Generated_Code/dioda_r.o
 .debug_abbrev  0x000002aa       0xa3 ./Generated_Code/Vectors.o
 .debug_abbrev  0x0000034d      0x17e ./Generated_Code/TU4.o
 .debug_abbrev  0x000004cb      0x141 ./Generated_Code/TU2.o
 .debug_abbrev  0x0000060c      0x17e ./Generated_Code/TU1.o
 .debug_abbrev  0x0000078a      0x102 ./Generated_Code/PE_LDD.o
 .debug_abbrev  0x0000088c      0x144 ./Generated_Code/Cpu.o
 .debug_abbrev  0x000009d0       0x92 ./Project_Settings/Startup_Code/__arm_start.o
 .debug_abbrev  0x00000a62       0x4c ./Project_Settings/Startup_Code/__arm_end.o
 .debug_abbrev  0x00000aae       0x3f ./Sources/main.o
 .debug_abbrev  0x00000aed       0x75 ./Sources/Events.o
 .debug_abbrev  0x00000b62       0x7a C:/Freescale/CW MCU v10.6/MCU/ARM_GCC_Support/ewl/lib/armv7e-m/fpu\libc.a(exit.o)
 .debug_abbrev  0x00000bdc       0x62 C:/Freescale/CW MCU v10.6/MCU/ARM_GCC_Support/ewl/lib/armv7e-m/fpu\libc.a(memset.o)
 .debug_abbrev  0x00000c3e       0x87 C:/Freescale/CW MCU v10.6/MCU/ARM_GCC_Support/ewl/lib/armv7e-m/fpu\libc.a(__filll_mem.o)
 .debug_abbrev  0x00000cc5      0x200 C:/Freescale/CW MCU v10.6/MCU/ARM_GCC_Support/ewl/lib/armv7e-m/fpu\libc.a(printformat_.o)
 .debug_abbrev  0x00000ec5      0x1f0 C:/Freescale/CW MCU v10.6/MCU/ARM_GCC_Support/ewl/lib/armv7e-m/fpu\libc.a(scanformat_.o)
 .debug_abbrev  0x000010b5       0x85 C:/Freescale/CW MCU v10.6/MCU/ARM_GCC_Support/ewl/lib/armv7e-m/fpu\libc.a(ctype_aeabi.o)
 .debug_abbrev  0x0000113a       0xc2 C:/Freescale/CW MCU v10.6/MCU/ARM_GCC_Support/ewl/lib/armv7e-m/fpu\libc.a(__strtoul.o)
 .debug_abbrev  0x000011fc       0x89 C:/Freescale/CW MCU v10.6/MCU/ARM_GCC_Support/ewl/lib/armv7e-m/fpu\libc.a(strchr.o)
 .debug_abbrev  0x00001285       0x7a C:/Freescale/CW MCU v10.6/MCU/ARM_GCC_Support/ewl/lib/armv7e-m/fpu\libc.a(strlen.o)
 .debug_abbrev  0x000012ff       0x95 C:/Freescale/CW MCU v10.6/MCU/ARM_GCC_Support/ewl/lib/armv7e-m/fpu\libc.a(memchr.o)
 .debug_abbrev  0x00001394       0x99 C:/Freescale/CW MCU v10.6/MCU/ARM_GCC_Support/ewl/lib/armv7e-m/fpu\librt.a(gcc_ctor_dtor.o)
 .debug_abbrev  0x0000142d      0x1db C:/Freescale/CW MCU v10.6/MCU/ARM_GCC_Support/ewl/lib/armv7e-m/fpu\librt.a(__arm_eabi_init.o)
 .debug_abbrev  0x00001608      0x137 C:/Freescale/CW MCU v10.6/MCU/ARM_GCC_Support/ewl/lib/armv7e-m/fpu\librt.a(ROMCopy.o)

.debug_loc      0x00000000     0x25ff
 .debug_loc     0x00000000       0xe0 ./Generated_Code/serwo.o
 .debug_loc     0x000000e0       0x70 ./Generated_Code/periodyczne.o
 .debug_loc     0x00000150       0xe0 ./Generated_Code/dioda_r.o
 .debug_loc     0x00000230      0x150 ./Generated_Code/TU4.o
 .debug_loc     0x00000380       0x70 ./Generated_Code/TU2.o
 .debug_loc     0x000003f0      0x150 ./Generated_Code/TU1.o
 .debug_loc     0x00000540       0x9c ./Generated_Code/PE_LDD.o
 .debug_loc     0x000005dc       0xe8 ./Generated_Code/Cpu.o
 .debug_loc     0x000006c4       0x2c ./Project_Settings/Startup_Code/__arm_start.o
 .debug_loc     0x000006f0       0x38 ./Project_Settings/Startup_Code/__arm_end.o
 .debug_loc     0x00000728       0x2c ./Sources/main.o
 .debug_loc     0x00000754       0x64 ./Sources/Events.o
 .debug_loc     0x000007b8       0x3e C:/Freescale/CW MCU v10.6/MCU/ARM_GCC_Support/ewl/lib/armv7e-m/fpu\libc.a(exit.o)
 .debug_loc     0x000007f6       0x64 C:/Freescale/CW MCU v10.6/MCU/ARM_GCC_Support/ewl/lib/armv7e-m/fpu\libc.a(memset.o)
 .debug_loc     0x0000085a      0x12c C:/Freescale/CW MCU v10.6/MCU/ARM_GCC_Support/ewl/lib/armv7e-m/fpu\libc.a(__filll_mem.o)
 .debug_loc     0x00000986      0xbdc C:/Freescale/CW MCU v10.6/MCU/ARM_GCC_Support/ewl/lib/armv7e-m/fpu\libc.a(printformat_.o)
 .debug_loc     0x00001562      0x8b6 C:/Freescale/CW MCU v10.6/MCU/ARM_GCC_Support/ewl/lib/armv7e-m/fpu\libc.a(scanformat_.o)
 .debug_loc     0x00001e18      0x18e C:/Freescale/CW MCU v10.6/MCU/ARM_GCC_Support/ewl/lib/armv7e-m/fpu\libc.a(ctype_aeabi.o)
 .debug_loc     0x00001fa6      0x2bb C:/Freescale/CW MCU v10.6/MCU/ARM_GCC_Support/ewl/lib/armv7e-m/fpu\libc.a(__strtoul.o)
 .debug_loc     0x00002261       0x7c C:/Freescale/CW MCU v10.6/MCU/ARM_GCC_Support/ewl/lib/armv7e-m/fpu\libc.a(strchr.o)
 .debug_loc     0x000022dd       0x26 C:/Freescale/CW MCU v10.6/MCU/ARM_GCC_Support/ewl/lib/armv7e-m/fpu\libc.a(strlen.o)
 .debug_loc     0x00002303       0x62 C:/Freescale/CW MCU v10.6/MCU/ARM_GCC_Support/ewl/lib/armv7e-m/fpu\libc.a(memchr.o)
 .debug_loc     0x00002365       0x9d C:/Freescale/CW MCU v10.6/MCU/ARM_GCC_Support/ewl/lib/armv7e-m/fpu\librt.a(gcc_ctor_dtor.o)
 .debug_loc     0x00002402      0x144 C:/Freescale/CW MCU v10.6/MCU/ARM_GCC_Support/ewl/lib/armv7e-m/fpu\librt.a(__arm_eabi_init.o)
 .debug_loc     0x00002546       0xb9 C:/Freescale/CW MCU v10.6/MCU/ARM_GCC_Support/ewl/lib/armv7e-m/fpu\librt.a(ROMCopy.o)

.debug_aranges  0x00000000      0x4d8
 .debug_aranges
                0x00000000       0x38 ./Generated_Code/serwo.o
 .debug_aranges
                0x00000038       0x28 ./Generated_Code/periodyczne.o
 .debug_aranges
                0x00000060       0x38 ./Generated_Code/dioda_r.o
 .debug_aranges
                0x00000098       0x18 ./Generated_Code/Vectors.o
 .debug_aranges
                0x000000b0       0x48 ./Generated_Code/TU4.o
 .debug_aranges
                0x000000f8       0x28 ./Generated_Code/TU2.o
 .debug_aranges
                0x00000120       0x48 ./Generated_Code/TU1.o
 .debug_aranges
                0x00000168       0x30 ./Generated_Code/PE_LDD.o
 .debug_aranges
                0x00000198       0x40 ./Generated_Code/Cpu.o
 .debug_aranges
                0x000001d8       0x30 ./Project_Settings/Startup_Code/__arm_start.o
 .debug_aranges
                0x00000208       0x20 ./Project_Settings/Startup_Code/__arm_end.o
 .debug_aranges
                0x00000228       0x20 ./Sources/main.o
 .debug_aranges
                0x00000248       0x28 ./Sources/Events.o
 .debug_aranges
                0x00000270       0x20 C:/Freescale/CW MCU v10.6/MCU/ARM_GCC_Support/ewl/lib/armv7e-m/fpu\libc.a(exit.o)
 .debug_aranges
                0x00000290       0x20 C:/Freescale/CW MCU v10.6/MCU/ARM_GCC_Support/ewl/lib/armv7e-m/fpu\libc.a(memset.o)
 .debug_aranges
                0x000002b0       0x20 C:/Freescale/CW MCU v10.6/MCU/ARM_GCC_Support/ewl/lib/armv7e-m/fpu\libc.a(__filll_mem.o)
 .debug_aranges
                0x000002d0       0x28 C:/Freescale/CW MCU v10.6/MCU/ARM_GCC_Support/ewl/lib/armv7e-m/fpu\libc.a(printformat_.o)
 .debug_aranges
                0x000002f8       0x20 C:/Freescale/CW MCU v10.6/MCU/ARM_GCC_Support/ewl/lib/armv7e-m/fpu\libc.a(scanformat_.o)
 .debug_aranges
                0x00000318       0x88 C:/Freescale/CW MCU v10.6/MCU/ARM_GCC_Support/ewl/lib/armv7e-m/fpu\libc.a(ctype_aeabi.o)
 .debug_aranges
                0x000003a0       0x20 C:/Freescale/CW MCU v10.6/MCU/ARM_GCC_Support/ewl/lib/armv7e-m/fpu\libc.a(__strtoul.o)
 .debug_aranges
                0x000003c0       0x20 C:/Freescale/CW MCU v10.6/MCU/ARM_GCC_Support/ewl/lib/armv7e-m/fpu\libc.a(strchr.o)
 .debug_aranges
                0x000003e0       0x20 C:/Freescale/CW MCU v10.6/MCU/ARM_GCC_Support/ewl/lib/armv7e-m/fpu\libc.a(strlen.o)
 .debug_aranges
                0x00000400       0x20 C:/Freescale/CW MCU v10.6/MCU/ARM_GCC_Support/ewl/lib/armv7e-m/fpu\libc.a(memchr.o)
 .debug_aranges
                0x00000420       0x28 C:/Freescale/CW MCU v10.6/MCU/ARM_GCC_Support/ewl/lib/armv7e-m/fpu\librt.a(gcc_ctor_dtor.o)
 .debug_aranges
                0x00000448       0x60 C:/Freescale/CW MCU v10.6/MCU/ARM_GCC_Support/ewl/lib/armv7e-m/fpu\librt.a(__arm_eabi_init.o)
 .debug_aranges
                0x000004a8       0x30 C:/Freescale/CW MCU v10.6/MCU/ARM_GCC_Support/ewl/lib/armv7e-m/fpu\librt.a(ROMCopy.o)

.debug_macinfo  0x00000000   0x6509cd
 .debug_macinfo
                0x00000000    0x920ee ./Generated_Code/serwo.o
 .debug_macinfo
                0x000920ee    0x928bb ./Generated_Code/periodyczne.o
 .debug_macinfo
                0x001249a9    0x92143 ./Generated_Code/dioda_r.o
 .debug_macinfo
                0x001b6aec    0x92887 ./Generated_Code/Vectors.o
 .debug_macinfo
                0x00249373    0x92068 ./Generated_Code/TU4.o
 .debug_macinfo
                0x002db3db    0x91fc3 ./Generated_Code/TU2.o
 .debug_macinfo
                0x0036d39e    0x91ff8 ./Generated_Code/TU1.o
 .debug_macinfo
                0x003ff396    0x92857 ./Generated_Code/PE_LDD.o
 .debug_macinfo
                0x00491bed    0x92887 ./Generated_Code/Cpu.o
 .debug_macinfo
                0x00524474     0x3f41 ./Project_Settings/Startup_Code/__arm_start.o
 .debug_macinfo
                0x005283b5     0x352a ./Project_Settings/Startup_Code/__arm_end.o
 .debug_macinfo
                0x0052b8df    0x92877 ./Sources/main.o
 .debug_macinfo
                0x005be156    0x92877 ./Sources/Events.o

.debug_line     0x00000000     0x3653
 .debug_line    0x00000000      0x2d0 ./Generated_Code/serwo.o
 .debug_line    0x000002d0      0x364 ./Generated_Code/periodyczne.o
 .debug_line    0x00000634      0x2d4 ./Generated_Code/dioda_r.o
 .debug_line    0x00000908      0x3b6 ./Generated_Code/Vectors.o
 .debug_line    0x00000cbe      0x334 ./Generated_Code/TU4.o
 .debug_line    0x00000ff2      0x2bb ./Generated_Code/TU2.o
 .debug_line    0x000012ad      0x32c ./Generated_Code/TU1.o
 .debug_line    0x000015d9      0x305 ./Generated_Code/PE_LDD.o
 .debug_line    0x000018de      0x44e ./Generated_Code/Cpu.o
 .debug_line    0x00001d2c      0x294 ./Project_Settings/Startup_Code/__arm_start.o
 .debug_line    0x00001fc0      0x266 ./Project_Settings/Startup_Code/__arm_end.o
 .debug_line    0x00002226      0x301 ./Sources/main.o
 .debug_line    0x00002527      0x311 ./Sources/Events.o
 .debug_line    0x00002838       0x94 C:/Freescale/CW MCU v10.6/MCU/ARM_GCC_Support/ewl/lib/armv7e-m/fpu\libc.a(exit.o)
 .debug_line    0x000028cc       0x8f C:/Freescale/CW MCU v10.6/MCU/ARM_GCC_Support/ewl/lib/armv7e-m/fpu\libc.a(memset.o)
 .debug_line    0x0000295b       0xcd C:/Freescale/CW MCU v10.6/MCU/ARM_GCC_Support/ewl/lib/armv7e-m/fpu\libc.a(__filll_mem.o)
 .debug_line    0x00002a28      0x2b4 C:/Freescale/CW MCU v10.6/MCU/ARM_GCC_Support/ewl/lib/armv7e-m/fpu\libc.a(printformat_.o)
 .debug_line    0x00002cdc      0x2df C:/Freescale/CW MCU v10.6/MCU/ARM_GCC_Support/ewl/lib/armv7e-m/fpu\libc.a(scanformat_.o)
 .debug_line    0x00002fbb      0x1a9 C:/Freescale/CW MCU v10.6/MCU/ARM_GCC_Support/ewl/lib/armv7e-m/fpu\libc.a(ctype_aeabi.o)
 .debug_line    0x00003164      0x11b C:/Freescale/CW MCU v10.6/MCU/ARM_GCC_Support/ewl/lib/armv7e-m/fpu\libc.a(__strtoul.o)
 .debug_line    0x0000327f       0x7d C:/Freescale/CW MCU v10.6/MCU/ARM_GCC_Support/ewl/lib/armv7e-m/fpu\libc.a(strchr.o)
 .debug_line    0x000032fc       0x83 C:/Freescale/CW MCU v10.6/MCU/ARM_GCC_Support/ewl/lib/armv7e-m/fpu\libc.a(strlen.o)
 .debug_line    0x0000337f       0x9f C:/Freescale/CW MCU v10.6/MCU/ARM_GCC_Support/ewl/lib/armv7e-m/fpu\libc.a(memchr.o)
 .debug_line    0x0000341e       0x67 C:/Freescale/CW MCU v10.6/MCU/ARM_GCC_Support/ewl/lib/armv7e-m/fpu\librt.a(gcc_ctor_dtor.o)
 .debug_line    0x00003485      0x125 C:/Freescale/CW MCU v10.6/MCU/ARM_GCC_Support/ewl/lib/armv7e-m/fpu\librt.a(__arm_eabi_init.o)
 .debug_line    0x000035aa       0xa9 C:/Freescale/CW MCU v10.6/MCU/ARM_GCC_Support/ewl/lib/armv7e-m/fpu\librt.a(ROMCopy.o)

.debug_str      0x00000000     0x1527
 .debug_str     0x00000000      0x216 ./Generated_Code/serwo.o
                                0x25c (size before relaxing)
 .debug_str     0x00000216       0x5e ./Generated_Code/periodyczne.o
                                0x1f1 (size before relaxing)
 .debug_str     0x00000274       0x62 ./Generated_Code/dioda_r.o
                                0x266 (size before relaxing)
 .debug_str     0x000002d6       0x55 ./Generated_Code/Vectors.o
                                0x161 (size before relaxing)
 .debug_str     0x0000032b      0x317 ./Generated_Code/TU4.o
                                0x4c0 (size before relaxing)
 .debug_str     0x00000642       0xdf ./Generated_Code/TU2.o
                                0x3f0 (size before relaxing)
 .debug_str     0x00000721       0xb7 ./Generated_Code/TU1.o
                                0x4c0 (size before relaxing)
 .debug_str     0x000007d8      0x172 ./Generated_Code/PE_LDD.o
                                0x2c4 (size before relaxing)
 .debug_str     0x0000094a      0x25b ./Generated_Code/Cpu.o
                                0x50c (size before relaxing)
 .debug_str     0x00000ba5       0x85 ./Project_Settings/Startup_Code/__arm_start.o
                                0x18f (size before relaxing)
 .debug_str     0x00000c2a       0x41 ./Project_Settings/Startup_Code/__arm_end.o
                                 0xc6 (size before relaxing)
 .debug_str     0x00000c6b       0x17 ./Sources/main.o
                                0x11a (size before relaxing)
 .debug_str     0x00000c82       0x39 ./Sources/Events.o
                                0x156 (size before relaxing)
 .debug_str     0x00000cbb       0x54 C:/Freescale/CW MCU v10.6/MCU/ARM_GCC_Support/ewl/lib/armv7e-m/fpu\libc.a(exit.o)
                                0x157 (size before relaxing)
 .debug_str     0x00000d0f       0x23 C:/Freescale/CW MCU v10.6/MCU/ARM_GCC_Support/ewl/lib/armv7e-m/fpu\libc.a(memset.o)
                                0x140 (size before relaxing)
 .debug_str     0x00000d32       0x2d C:/Freescale/CW MCU v10.6/MCU/ARM_GCC_Support/ewl/lib/armv7e-m/fpu\libc.a(__filll_mem.o)
                                0x152 (size before relaxing)
 .debug_str     0x00000d5f      0x233 C:/Freescale/CW MCU v10.6/MCU/ARM_GCC_Support/ewl/lib/armv7e-m/fpu\libc.a(printformat_.o)
                                0x3b3 (size before relaxing)
 .debug_str     0x00000f92      0x184 C:/Freescale/CW MCU v10.6/MCU/ARM_GCC_Support/ewl/lib/armv7e-m/fpu\libc.a(scanformat_.o)
                                0x3f9 (size before relaxing)
 .debug_str     0x00001116       0x9d C:/Freescale/CW MCU v10.6/MCU/ARM_GCC_Support/ewl/lib/armv7e-m/fpu\libc.a(ctype_aeabi.o)
                                0x1bc (size before relaxing)
 .debug_str     0x000011b3       0x61 C:/Freescale/CW MCU v10.6/MCU/ARM_GCC_Support/ewl/lib/armv7e-m/fpu\libc.a(__strtoul.o)
                                0x1fb (size before relaxing)
 .debug_str     0x00001214       0x1c C:/Freescale/CW MCU v10.6/MCU/ARM_GCC_Support/ewl/lib/armv7e-m/fpu\libc.a(strchr.o)
                                0x137 (size before relaxing)
 .debug_str     0x00001230       0x1c C:/Freescale/CW MCU v10.6/MCU/ARM_GCC_Support/ewl/lib/armv7e-m/fpu\libc.a(strlen.o)
                                0x140 (size before relaxing)
 .debug_str     0x0000124c       0x1c C:/Freescale/CW MCU v10.6/MCU/ARM_GCC_Support/ewl/lib/armv7e-m/fpu\libc.a(memchr.o)
                                0x148 (size before relaxing)
 .debug_str     0x00001268      0x126 C:/Freescale/CW MCU v10.6/MCU/ARM_GCC_Support/ewl/lib/armv7e-m/fpu\librt.a(gcc_ctor_dtor.o)
                                0x181 (size before relaxing)
 .debug_str     0x0000138e       0xf8 C:/Freescale/CW MCU v10.6/MCU/ARM_GCC_Support/ewl/lib/armv7e-m/fpu\librt.a(__arm_eabi_init.o)
                                0x1bf (size before relaxing)
 .debug_str     0x00001486       0xa1 C:/Freescale/CW MCU v10.6/MCU/ARM_GCC_Support/ewl/lib/armv7e-m/fpu\librt.a(ROMCopy.o)
                                0x13c (size before relaxing)

.comment        0x00000000       0x79
 .comment       0x00000000       0x79 ./Generated_Code/serwo.o
                                 0x7a (size before relaxing)
 .comment       0x00000000       0x7a ./Generated_Code/periodyczne.o
 .comment       0x00000000       0x7a ./Generated_Code/dioda_r.o
 .comment       0x00000000       0x7a ./Generated_Code/Vectors.o
 .comment       0x00000000       0x7a ./Generated_Code/TU4.o
 .comment       0x00000000       0x7a ./Generated_Code/TU2.o
 .comment       0x00000000       0x7a ./Generated_Code/TU1.o
 .comment       0x00000000       0x7a ./Generated_Code/PE_LDD.o
 .comment       0x00000000       0x7a ./Generated_Code/Cpu.o
 .comment       0x00000000       0x7a ./Project_Settings/Startup_Code/__arm_start.o
 .comment       0x00000000       0x7a ./Project_Settings/Startup_Code/__arm_end.o
 .comment       0x00000000       0x7a ./Sources/main.o
 .comment       0x00000000       0x7a ./Sources/Events.o
 .comment       0x00000000       0x7a C:/Freescale/CW MCU v10.6/MCU/ARM_GCC_Support/ewl/lib/armv7e-m/fpu\libc.a(exit.o)
 .comment       0x00000000       0x7a C:/Freescale/CW MCU v10.6/MCU/ARM_GCC_Support/ewl/lib/armv7e-m/fpu\libc.a(memset.o)
 .comment       0x00000000       0x7a C:/Freescale/CW MCU v10.6/MCU/ARM_GCC_Support/ewl/lib/armv7e-m/fpu\libc.a(__filll_mem.o)
 .comment       0x00000000       0x7a C:/Freescale/CW MCU v10.6/MCU/ARM_GCC_Support/ewl/lib/armv7e-m/fpu\libc.a(printformat_.o)
 .comment       0x00000000       0x7a C:/Freescale/CW MCU v10.6/MCU/ARM_GCC_Support/ewl/lib/armv7e-m/fpu\libc.a(scanformat_.o)
 .comment       0x00000000       0x7a C:/Freescale/CW MCU v10.6/MCU/ARM_GCC_Support/ewl/lib/armv7e-m/fpu\libc.a(ctype_aeabi.o)
 .comment       0x00000000       0x7a C:/Freescale/CW MCU v10.6/MCU/ARM_GCC_Support/ewl/lib/armv7e-m/fpu\libc.a(__strtoul.o)
 .comment       0x00000000       0x7a C:/Freescale/CW MCU v10.6/MCU/ARM_GCC_Support/ewl/lib/armv7e-m/fpu\libc.a(strchr.o)
 .comment       0x00000000       0x7a C:/Freescale/CW MCU v10.6/MCU/ARM_GCC_Support/ewl/lib/armv7e-m/fpu\libc.a(strlen.o)
 .comment       0x00000000       0x7a C:/Freescale/CW MCU v10.6/MCU/ARM_GCC_Support/ewl/lib/armv7e-m/fpu\libc.a(memchr.o)
 .comment       0x00000000       0x7a C:/Freescale/CW MCU v10.6/MCU/ARM_GCC_Support/ewl/lib/armv7e-m/fpu\librt.a(gcc_ctor_dtor.o)
 .comment       0x00000000       0x7a C:/Freescale/CW MCU v10.6/MCU/ARM_GCC_Support/ewl/lib/armv7e-m/fpu\librt.a(__arm_eabi_init.o)
 .comment       0x00000000       0x7a C:/Freescale/CW MCU v10.6/MCU/ARM_GCC_Support/ewl/lib/armv7e-m/fpu\librt.a(ROMCopy.o)

.debug_frame    0x00000000      0x914
 .debug_frame   0x00000000       0x90 ./Generated_Code/serwo.o
 .debug_frame   0x00000090       0x50 ./Generated_Code/periodyczne.o
 .debug_frame   0x000000e0       0x90 ./Generated_Code/dioda_r.o
 .debug_frame   0x00000170       0xbc ./Generated_Code/TU4.o
 .debug_frame   0x0000022c       0x50 ./Generated_Code/TU2.o
 .debug_frame   0x0000027c       0xbc ./Generated_Code/TU1.o
 .debug_frame   0x00000338       0x64 ./Generated_Code/PE_LDD.o
 .debug_frame   0x0000039c       0xa4 ./Generated_Code/Cpu.o
 .debug_frame   0x00000440       0x4c ./Project_Settings/Startup_Code/__arm_start.o
 .debug_frame   0x0000048c       0x2c ./Project_Settings/Startup_Code/__arm_end.o
 .debug_frame   0x000004b8       0x2c ./Sources/main.o
 .debug_frame   0x000004e4       0x44 ./Sources/Events.o
 .debug_frame   0x00000528       0x28 C:/Freescale/CW MCU v10.6/MCU/ARM_GCC_Support/ewl/lib/armv7e-m/fpu\libc.a(exit.o)
 .debug_frame   0x00000550       0x28 C:/Freescale/CW MCU v10.6/MCU/ARM_GCC_Support/ewl/lib/armv7e-m/fpu\libc.a(memset.o)
 .debug_frame   0x00000578       0x2c C:/Freescale/CW MCU v10.6/MCU/ARM_GCC_Support/ewl/lib/armv7e-m/fpu\libc.a(__filll_mem.o)
 .debug_frame   0x000005a4       0x64 C:/Freescale/CW MCU v10.6/MCU/ARM_GCC_Support/ewl/lib/armv7e-m/fpu\libc.a(printformat_.o)
 .debug_frame   0x00000608       0x3c C:/Freescale/CW MCU v10.6/MCU/ARM_GCC_Support/ewl/lib/armv7e-m/fpu\libc.a(scanformat_.o)
 .debug_frame   0x00000644       0xf0 C:/Freescale/CW MCU v10.6/MCU/ARM_GCC_Support/ewl/lib/armv7e-m/fpu\libc.a(ctype_aeabi.o)
 .debug_frame   0x00000734       0x3c C:/Freescale/CW MCU v10.6/MCU/ARM_GCC_Support/ewl/lib/armv7e-m/fpu\libc.a(__strtoul.o)
 .debug_frame   0x00000770       0x20 C:/Freescale/CW MCU v10.6/MCU/ARM_GCC_Support/ewl/lib/armv7e-m/fpu\libc.a(strchr.o)
 .debug_frame   0x00000790       0x20 C:/Freescale/CW MCU v10.6/MCU/ARM_GCC_Support/ewl/lib/armv7e-m/fpu\libc.a(strlen.o)
 .debug_frame   0x000007b0       0x20 C:/Freescale/CW MCU v10.6/MCU/ARM_GCC_Support/ewl/lib/armv7e-m/fpu\libc.a(memchr.o)
 .debug_frame   0x000007d0       0x40 C:/Freescale/CW MCU v10.6/MCU/ARM_GCC_Support/ewl/lib/armv7e-m/fpu\librt.a(gcc_ctor_dtor.o)
 .debug_frame   0x00000810       0xbc C:/Freescale/CW MCU v10.6/MCU/ARM_GCC_Support/ewl/lib/armv7e-m/fpu\librt.a(__arm_eabi_init.o)
 .debug_frame   0x000008cc       0x48 C:/Freescale/CW MCU v10.6/MCU/ARM_GCC_Support/ewl/lib/armv7e-m/fpu\librt.a(ROMCopy.o)
