Archive member included because of file (symbol)

C:/Freescale/CW MCU v10.6/MCU/ARM_GCC_Support/ewl/lib/armv7e-m/fpu\libc.a(exit.o)
                              ./Project_Settings/Startup_Code/__arm_start.o (exit)
C:/Freescale/CW MCU v10.6/MCU/ARM_GCC_Support/ewl/lib/armv7e-m/fpu\libc.a(memset.o)
                              ./Project_Settings/Startup_Code/__arm_start.o (memset)
C:/Freescale/CW MCU v10.6/MCU/ARM_GCC_Support/ewl/lib/armv7e-m/fpu\libc.a(__filll_mem.o)
                              C:/Freescale/CW MCU v10.6/MCU/ARM_GCC_Support/ewl/lib/armv7e-m/fpu\libc.a(memset.o) (__fill_mem)
C:/Freescale/CW MCU v10.6/MCU/ARM_GCC_Support/ewl/lib/armv7e-m/fpu\libc.a(printformat_.o)
                              (__pformatter_)
C:/Freescale/CW MCU v10.6/MCU/ARM_GCC_Support/ewl/lib/armv7e-m/fpu\libc.a(scanformat_.o)
                              (__sformatter)
C:/Freescale/CW MCU v10.6/MCU/ARM_GCC_Support/ewl/lib/armv7e-m/fpu\libc.a(ctype_aeabi.o)
                              C:/Freescale/CW MCU v10.6/MCU/ARM_GCC_Support/ewl/lib/armv7e-m/fpu\libc.a(scanformat_.o) (isspace)
C:/Freescale/CW MCU v10.6/MCU/ARM_GCC_Support/ewl/lib/armv7e-m/fpu\libc.a(__strtoul.o)
                              C:/Freescale/CW MCU v10.6/MCU/ARM_GCC_Support/ewl/lib/armv7e-m/fpu\libc.a(scanformat_.o) (__strtoul)
C:/Freescale/CW MCU v10.6/MCU/ARM_GCC_Support/ewl/lib/armv7e-m/fpu\libc.a(strchr.o)
                              C:/Freescale/CW MCU v10.6/MCU/ARM_GCC_Support/ewl/lib/armv7e-m/fpu\libc.a(printformat_.o) (strchr)
C:/Freescale/CW MCU v10.6/MCU/ARM_GCC_Support/ewl/lib/armv7e-m/fpu\libc.a(strlen.o)
                              C:/Freescale/CW MCU v10.6/MCU/ARM_GCC_Support/ewl/lib/armv7e-m/fpu\libc.a(printformat_.o) (strlen)
C:/Freescale/CW MCU v10.6/MCU/ARM_GCC_Support/ewl/lib/armv7e-m/fpu\libc.a(memchr.o)
                              C:/Freescale/CW MCU v10.6/MCU/ARM_GCC_Support/ewl/lib/armv7e-m/fpu\libc.a(printformat_.o) (memchr)
C:/Freescale/CW MCU v10.6/MCU/ARM_GCC_Support/ewl/lib/armv7e-m/fpu\librt.a(gcc_ctor_dtor.o)
                              ./Project_Settings/Startup_Code/__arm_start.o (__init_cpp)
C:/Freescale/CW MCU v10.6/MCU/ARM_GCC_Support/ewl/lib/armv7e-m/fpu\librt.a(__arm_eabi_init.o)
                              C:/Freescale/CW MCU v10.6/MCU/ARM_GCC_Support/ewl/lib/armv7e-m/fpu\libc.a(exit.o) (__destroy_global_chain)
C:/Freescale/CW MCU v10.6/MCU/ARM_GCC_Support/ewl/lib/armv7e-m/fpu\librt.a(ROMCopy.o)
                              ./Project_Settings/Startup_Code/__arm_start.o (__copy_rom_sections_to_ram)

Allocating common symbols
Common symbol       size              file

ASerialLdd1_DeviceDataPtr
                    0x4               ./Generated_Code/UART.o
ADC_OutV            0x2               ./Generated_Code/ADC.o
AdcLdd1_DeviceDataPtr
                    0x4               ./Generated_Code/ADC.o
SR_reg              0x1               ./Generated_Code/Cpu.o

Discarded input sections

 .text          0x00000000        0x0 ./Generated_Code/serwo.o
 .data          0x00000000        0x0 ./Generated_Code/serwo.o
 .bss           0x00000000        0x0 ./Generated_Code/serwo.o
 .text.serwo_SetRatio16
                0x00000000       0x2c ./Generated_Code/serwo.o
 .text.serwo_SetDutyMS
                0x00000000       0x80 ./Generated_Code/serwo.o
 .text.SetRatio
                0x00000000       0x58 ./Generated_Code/serwo.o
 .text          0x00000000        0x0 ./Generated_Code/periodyczne.o
 .data          0x00000000        0x0 ./Generated_Code/periodyczne.o
 .bss           0x00000000        0x0 ./Generated_Code/periodyczne.o
 .text          0x00000000        0x0 ./Generated_Code/extINT_init.o
 .data          0x00000000        0x0 ./Generated_Code/extINT_init.o
 .bss           0x00000000        0x0 ./Generated_Code/extINT_init.o
 .text          0x00000000        0x0 ./Generated_Code/extINT.o
 .data          0x00000000        0x0 ./Generated_Code/extINT.o
 .bss           0x00000000        0x0 ./Generated_Code/extINT.o
 .text          0x00000000        0x0 ./Generated_Code/dioda_r.o
 .data          0x00000000        0x0 ./Generated_Code/dioda_r.o
 .bss           0x00000000        0x0 ./Generated_Code/dioda_r.o
 .text.dioda_r_SetRatio16
                0x00000000       0x2c ./Generated_Code/dioda_r.o
 .text.dioda_r_SetDutyMS
                0x00000000       0x80 ./Generated_Code/dioda_r.o
 .text.SetRatio
                0x00000000       0x58 ./Generated_Code/dioda_r.o
 .text          0x00000000        0x0 ./Generated_Code/dioda_g.o
 .data          0x00000000        0x0 ./Generated_Code/dioda_g.o
 .bss           0x00000000        0x0 ./Generated_Code/dioda_g.o
 .text.dioda_g_SetRatio16
                0x00000000       0x2c ./Generated_Code/dioda_g.o
 .text.dioda_g_SetDutyMS
                0x00000000       0x80 ./Generated_Code/dioda_g.o
 .text.SetRatio
                0x00000000       0x58 ./Generated_Code/dioda_g.o
 .text          0x00000000        0x0 ./Generated_Code/dioda_b.o
 .data          0x00000000        0x0 ./Generated_Code/dioda_b.o
 .bss           0x00000000        0x0 ./Generated_Code/dioda_b.o
 .text.dioda_b_SetRatio16
                0x00000000       0x2c ./Generated_Code/dioda_b.o
 .text.dioda_b_SetDutyMS
                0x00000000       0x80 ./Generated_Code/dioda_b.o
 .text.SetRatio
                0x00000000       0x58 ./Generated_Code/dioda_b.o
 .text          0x00000000        0x0 ./Generated_Code/dioda3.o
 .data          0x00000000        0x0 ./Generated_Code/dioda3.o
 .bss           0x00000000        0x0 ./Generated_Code/dioda3.o
 .text.dioda3_GetVal
                0x00000000       0x30 ./Generated_Code/dioda3.o
 .text.dioda3_SetVal
                0x00000000       0x20 ./Generated_Code/dioda3.o
 .text          0x00000000        0x0 ./Generated_Code/dioda2.o
 .data          0x00000000        0x0 ./Generated_Code/dioda2.o
 .bss           0x00000000        0x0 ./Generated_Code/dioda2.o
 .text.dioda2_GetVal
                0x00000000       0x30 ./Generated_Code/dioda2.o
 .text.dioda2_SetVal
                0x00000000       0x20 ./Generated_Code/dioda2.o
 .text          0x00000000        0x0 ./Generated_Code/dioda1.o
 .data          0x00000000        0x0 ./Generated_Code/dioda1.o
 .bss           0x00000000        0x0 ./Generated_Code/dioda1.o
 .text.dioda1_GetVal
                0x00000000       0x30 ./Generated_Code/dioda1.o
 .text.dioda1_SetVal
                0x00000000       0x20 ./Generated_Code/dioda1.o
 .text          0x00000000        0x0 ./Generated_Code/Vectors.o
 .data          0x00000000        0x0 ./Generated_Code/Vectors.o
 .bss           0x00000000        0x0 ./Generated_Code/Vectors.o
 .text          0x00000000        0x0 ./Generated_Code/UART.o
 .data          0x00000000        0x0 ./Generated_Code/UART.o
 .bss           0x00000000        0x0 ./Generated_Code/UART.o
 .bss.OutBuffer
                0x00000000        0x1 ./Generated_Code/UART.o
 .text.UART_RecvChar
                0x00000000       0xac ./Generated_Code/UART.o
 .text.UART_SendChar
                0x00000000       0x84 ./Generated_Code/UART.o
 .text.UART_GetCharsInRxBuf
                0x00000000       0x2c ./Generated_Code/UART.o
 .text.UART_GetCharsInTxBuf
                0x00000000       0x34 ./Generated_Code/UART.o
 .text.ASerialLdd1_OnBreak
                0x00000000       0x2c ./Generated_Code/UART.o
 .text          0x00000000        0x0 ./Generated_Code/TU4.o
 .data          0x00000000        0x0 ./Generated_Code/TU4.o
 .bss           0x00000000        0x0 ./Generated_Code/TU4.o
 .rodata.ChannelDevice
                0x00000000        0x4 ./Generated_Code/TU4.o
 .rodata.ChannelMode
                0x00000000        0x4 ./Generated_Code/TU4.o
 .text.TU4_GetPeriodTicks
                0x00000000       0x34 ./Generated_Code/TU4.o
 .text.TU4_GetCounterValue
                0x00000000       0x20 ./Generated_Code/TU4.o
 .text.TU4_SetOffsetTicks
                0x00000000       0x64 ./Generated_Code/TU4.o
 .text.TU4_GetOffsetTicks
                0x00000000       0x68 ./Generated_Code/TU4.o
 .text.TU4_SelectOutputAction
                0x00000000      0x33c ./Generated_Code/TU4.o
 .text          0x00000000        0x0 ./Generated_Code/TU2.o
 .data          0x00000000        0x0 ./Generated_Code/TU2.o
 .bss           0x00000000        0x0 ./Generated_Code/TU2.o
 .text          0x00000000        0x0 ./Generated_Code/TU1.o
 .data          0x00000000        0x0 ./Generated_Code/TU1.o
 .bss           0x00000000        0x0 ./Generated_Code/TU1.o
 .rodata.ChannelDevice
                0x00000000        0x4 ./Generated_Code/TU1.o
 .rodata.ChannelMode
                0x00000000        0x4 ./Generated_Code/TU1.o
 .text.TU1_GetPeriodTicks
                0x00000000       0x34 ./Generated_Code/TU1.o
 .text.TU1_GetCounterValue
                0x00000000       0x20 ./Generated_Code/TU1.o
 .text.TU1_SetOffsetTicks
                0x00000000       0x64 ./Generated_Code/TU1.o
 .text.TU1_GetOffsetTicks
                0x00000000       0x68 ./Generated_Code/TU1.o
 .text.TU1_SelectOutputAction
                0x00000000      0x33c ./Generated_Code/TU1.o
 .text          0x00000000        0x0 ./Generated_Code/PE_LDD.o
 .data          0x00000000        0x0 ./Generated_Code/PE_LDD.o
 .bss           0x00000000        0x0 ./Generated_Code/PE_LDD.o
 .rodata.PE_CpuClockConfigurations
                0x00000000       0x28 ./Generated_Code/PE_LDD.o
 .text.PE_FillMemory
                0x00000000       0x30 ./Generated_Code/PE_LDD.o
 .text.PE_PeripheralUsed
                0x00000000       0x8c ./Generated_Code/PE_LDD.o
 .text.LDD_SetClockConfiguration
                0x00000000       0x14 ./Generated_Code/PE_LDD.o
 .text          0x00000000        0x0 ./Generated_Code/Cpu.o
 .data          0x00000000        0x0 ./Generated_Code/Cpu.o
 .bss           0x00000000        0x0 ./Generated_Code/Cpu.o
 .bss.SR_lock   0x00000000        0x1 ./Generated_Code/Cpu.o
 COMMON         0x00000000        0x1 ./Generated_Code/Cpu.o
 .text          0x00000000        0x0 ./Generated_Code/AdcLdd1.o
 .data          0x00000000        0x0 ./Generated_Code/AdcLdd1.o
 .bss           0x00000000        0x0 ./Generated_Code/AdcLdd1.o
 .rodata.ChannelToPin
                0x00000000        0x4 ./Generated_Code/AdcLdd1.o
 .text.AdcLdd1_StartSingleMeasurement
                0x00000000       0x70 ./Generated_Code/AdcLdd1.o
 .text.AdcLdd1_CancelMeasurement
                0x00000000       0x40 ./Generated_Code/AdcLdd1.o
 .text.AdcLdd1_CreateSampleGroup
                0x00000000       0x7c ./Generated_Code/AdcLdd1.o
 .text.AdcLdd1_GetMeasurementCompleteStatus
                0x00000000       0xa0 ./Generated_Code/AdcLdd1.o
 .text          0x00000000        0x0 ./Generated_Code/ASerialLdd1.o
 .data          0x00000000        0x0 ./Generated_Code/ASerialLdd1.o
 .bss           0x00000000        0x0 ./Generated_Code/ASerialLdd1.o
 .text.ASerialLdd1_SendBlock
                0x00000000       0x60 ./Generated_Code/ASerialLdd1.o
 .text.ASerialLdd1_GetReceivedDataNum
                0x00000000       0x1c ./Generated_Code/ASerialLdd1.o
 .text.ASerialLdd1_GetSentDataNum
                0x00000000       0x1c ./Generated_Code/ASerialLdd1.o
 .text.InterruptRx
                0x00000000       0x5c ./Generated_Code/ASerialLdd1.o
 .text.InterruptTx
                0x00000000       0x68 ./Generated_Code/ASerialLdd1.o
 .text.ASerialLdd1_Main
                0x00000000       0xe8 ./Generated_Code/ASerialLdd1.o
 .text.ASerialLdd1_GetError
                0x00000000       0x30 ./Generated_Code/ASerialLdd1.o
 .text          0x00000000        0x0 ./Generated_Code/ADC.o
 .data          0x00000000        0x0 ./Generated_Code/ADC.o
 .bss           0x00000000        0x0 ./Generated_Code/ADC.o
 .bss.SampleGroup
                0x00000000        0x4 ./Generated_Code/ADC.o
 .text.ADC_HWEnDi
                0x00000000       0x60 ./Generated_Code/ADC.o
 .text.ADC_Measure
                0x00000000       0x58 ./Generated_Code/ADC.o
 .text.ADC_GetValue16
                0x00000000       0x40 ./Generated_Code/ADC.o
 .text          0x00000000        0x0 ./Project_Settings/Startup_Code/__arm_start.o
 .data          0x00000000        0x0 ./Project_Settings/Startup_Code/__arm_start.o
 .bss           0x00000000        0x0 ./Project_Settings/Startup_Code/__arm_start.o
 .text.__iar_program_start
                0x00000000        0x4 ./Project_Settings/Startup_Code/__arm_start.o
 .text          0x00000000        0x0 ./Project_Settings/Startup_Code/__arm_end.o
 .data          0x00000000        0x0 ./Project_Settings/Startup_Code/__arm_end.o
 .bss           0x00000000        0x0 ./Project_Settings/Startup_Code/__arm_end.o
 .text          0x00000000        0x0 ./Sources/main.o
 .data          0x00000000        0x0 ./Sources/main.o
 .bss           0x00000000        0x0 ./Sources/main.o
 .text          0x00000000        0x0 ./Sources/Events.o
 .data          0x00000000        0x0 ./Sources/Events.o
 .bss           0x00000000        0x0 ./Sources/Events.o
 .text.ADC_OnCalibrationEnd
                0x00000000        0xc ./Sources/Events.o
 .text          0x00000000        0x0 C:/Freescale/CW MCU v10.6/MCU/ARM_GCC_Support/ewl/lib/armv7e-m/fpu\libc.a(exit.o)
 .data          0x00000000        0x0 C:/Freescale/CW MCU v10.6/MCU/ARM_GCC_Support/ewl/lib/armv7e-m/fpu\libc.a(exit.o)
 .bss           0x00000000        0x0 C:/Freescale/CW MCU v10.6/MCU/ARM_GCC_Support/ewl/lib/armv7e-m/fpu\libc.a(exit.o)
 .text          0x00000000        0x0 C:/Freescale/CW MCU v10.6/MCU/ARM_GCC_Support/ewl/lib/armv7e-m/fpu\libc.a(memset.o)
 .data          0x00000000        0x0 C:/Freescale/CW MCU v10.6/MCU/ARM_GCC_Support/ewl/lib/armv7e-m/fpu\libc.a(memset.o)
 .bss           0x00000000        0x0 C:/Freescale/CW MCU v10.6/MCU/ARM_GCC_Support/ewl/lib/armv7e-m/fpu\libc.a(memset.o)
 .text          0x00000000        0x0 C:/Freescale/CW MCU v10.6/MCU/ARM_GCC_Support/ewl/lib/armv7e-m/fpu\libc.a(__filll_mem.o)
 .data          0x00000000        0x0 C:/Freescale/CW MCU v10.6/MCU/ARM_GCC_Support/ewl/lib/armv7e-m/fpu\libc.a(__filll_mem.o)
 .bss           0x00000000        0x0 C:/Freescale/CW MCU v10.6/MCU/ARM_GCC_Support/ewl/lib/armv7e-m/fpu\libc.a(__filll_mem.o)
 .text          0x00000000        0x0 C:/Freescale/CW MCU v10.6/MCU/ARM_GCC_Support/ewl/lib/armv7e-m/fpu\libc.a(printformat_.o)
 .data          0x00000000        0x0 C:/Freescale/CW MCU v10.6/MCU/ARM_GCC_Support/ewl/lib/armv7e-m/fpu\libc.a(printformat_.o)
 .bss           0x00000000        0x0 C:/Freescale/CW MCU v10.6/MCU/ARM_GCC_Support/ewl/lib/armv7e-m/fpu\libc.a(printformat_.o)
 .text          0x00000000        0x0 C:/Freescale/CW MCU v10.6/MCU/ARM_GCC_Support/ewl/lib/armv7e-m/fpu\libc.a(scanformat_.o)
 .data          0x00000000        0x0 C:/Freescale/CW MCU v10.6/MCU/ARM_GCC_Support/ewl/lib/armv7e-m/fpu\libc.a(scanformat_.o)
 .bss           0x00000000        0x0 C:/Freescale/CW MCU v10.6/MCU/ARM_GCC_Support/ewl/lib/armv7e-m/fpu\libc.a(scanformat_.o)
 .text          0x00000000        0x0 C:/Freescale/CW MCU v10.6/MCU/ARM_GCC_Support/ewl/lib/armv7e-m/fpu\libc.a(ctype_aeabi.o)
 .data          0x00000000        0x0 C:/Freescale/CW MCU v10.6/MCU/ARM_GCC_Support/ewl/lib/armv7e-m/fpu\libc.a(ctype_aeabi.o)
 .bss           0x00000000        0x0 C:/Freescale/CW MCU v10.6/MCU/ARM_GCC_Support/ewl/lib/armv7e-m/fpu\libc.a(ctype_aeabi.o)
 .text.isalnum  0x00000000       0x18 C:/Freescale/CW MCU v10.6/MCU/ARM_GCC_Support/ewl/lib/armv7e-m/fpu\libc.a(ctype_aeabi.o)
 .text.iscntrl  0x00000000       0x1c C:/Freescale/CW MCU v10.6/MCU/ARM_GCC_Support/ewl/lib/armv7e-m/fpu\libc.a(ctype_aeabi.o)
 .text.isdigit  0x00000000        0xc C:/Freescale/CW MCU v10.6/MCU/ARM_GCC_Support/ewl/lib/armv7e-m/fpu\libc.a(ctype_aeabi.o)
 .text.isgraph  0x00000000       0x18 C:/Freescale/CW MCU v10.6/MCU/ARM_GCC_Support/ewl/lib/armv7e-m/fpu\libc.a(ctype_aeabi.o)
 .text.islower  0x00000000       0x1c C:/Freescale/CW MCU v10.6/MCU/ARM_GCC_Support/ewl/lib/armv7e-m/fpu\libc.a(ctype_aeabi.o)
 .text.isprint  0x00000000       0x18 C:/Freescale/CW MCU v10.6/MCU/ARM_GCC_Support/ewl/lib/armv7e-m/fpu\libc.a(ctype_aeabi.o)
 .text.ispunct  0x00000000       0x1c C:/Freescale/CW MCU v10.6/MCU/ARM_GCC_Support/ewl/lib/armv7e-m/fpu\libc.a(ctype_aeabi.o)
 .text.isupper  0x00000000       0x1c C:/Freescale/CW MCU v10.6/MCU/ARM_GCC_Support/ewl/lib/armv7e-m/fpu\libc.a(ctype_aeabi.o)
 .text.isxdigit
                0x00000000       0x1c C:/Freescale/CW MCU v10.6/MCU/ARM_GCC_Support/ewl/lib/armv7e-m/fpu\libc.a(ctype_aeabi.o)
 .text.isblank  0x00000000       0x28 C:/Freescale/CW MCU v10.6/MCU/ARM_GCC_Support/ewl/lib/armv7e-m/fpu\libc.a(ctype_aeabi.o)
 .text.tolower  0x00000000        0xc C:/Freescale/CW MCU v10.6/MCU/ARM_GCC_Support/ewl/lib/armv7e-m/fpu\libc.a(ctype_aeabi.o)
 .text          0x00000000        0x0 C:/Freescale/CW MCU v10.6/MCU/ARM_GCC_Support/ewl/lib/armv7e-m/fpu\libc.a(__strtoul.o)
 .data          0x00000000        0x0 C:/Freescale/CW MCU v10.6/MCU/ARM_GCC_Support/ewl/lib/armv7e-m/fpu\libc.a(__strtoul.o)
 .bss           0x00000000        0x0 C:/Freescale/CW MCU v10.6/MCU/ARM_GCC_Support/ewl/lib/armv7e-m/fpu\libc.a(__strtoul.o)
 .text          0x00000000        0x0 C:/Freescale/CW MCU v10.6/MCU/ARM_GCC_Support/ewl/lib/armv7e-m/fpu\libc.a(strchr.o)
 .data          0x00000000        0x0 C:/Freescale/CW MCU v10.6/MCU/ARM_GCC_Support/ewl/lib/armv7e-m/fpu\libc.a(strchr.o)
 .bss           0x00000000        0x0 C:/Freescale/CW MCU v10.6/MCU/ARM_GCC_Support/ewl/lib/armv7e-m/fpu\libc.a(strchr.o)
 .text          0x00000000        0x0 C:/Freescale/CW MCU v10.6/MCU/ARM_GCC_Support/ewl/lib/armv7e-m/fpu\libc.a(strlen.o)
 .data          0x00000000        0x0 C:/Freescale/CW MCU v10.6/MCU/ARM_GCC_Support/ewl/lib/armv7e-m/fpu\libc.a(strlen.o)
 .bss           0x00000000        0x0 C:/Freescale/CW MCU v10.6/MCU/ARM_GCC_Support/ewl/lib/armv7e-m/fpu\libc.a(strlen.o)
 .text          0x00000000        0x0 C:/Freescale/CW MCU v10.6/MCU/ARM_GCC_Support/ewl/lib/armv7e-m/fpu\libc.a(memchr.o)
 .data          0x00000000        0x0 C:/Freescale/CW MCU v10.6/MCU/ARM_GCC_Support/ewl/lib/armv7e-m/fpu\libc.a(memchr.o)
 .bss           0x00000000        0x0 C:/Freescale/CW MCU v10.6/MCU/ARM_GCC_Support/ewl/lib/armv7e-m/fpu\libc.a(memchr.o)
 .text          0x00000000        0x0 C:/Freescale/CW MCU v10.6/MCU/ARM_GCC_Support/ewl/lib/armv7e-m/fpu\librt.a(gcc_ctor_dtor.o)
 .data          0x00000000        0x0 C:/Freescale/CW MCU v10.6/MCU/ARM_GCC_Support/ewl/lib/armv7e-m/fpu\librt.a(gcc_ctor_dtor.o)
 .bss           0x00000000        0x0 C:/Freescale/CW MCU v10.6/MCU/ARM_GCC_Support/ewl/lib/armv7e-m/fpu\librt.a(gcc_ctor_dtor.o)
 .bss.__dso_handle
                0x00000000        0x4 C:/Freescale/CW MCU v10.6/MCU/ARM_GCC_Support/ewl/lib/armv7e-m/fpu\librt.a(gcc_ctor_dtor.o)
 .text          0x00000000        0x0 C:/Freescale/CW MCU v10.6/MCU/ARM_GCC_Support/ewl/lib/armv7e-m/fpu\librt.a(__arm_eabi_init.o)
 .data          0x00000000        0x0 C:/Freescale/CW MCU v10.6/MCU/ARM_GCC_Support/ewl/lib/armv7e-m/fpu\librt.a(__arm_eabi_init.o)
 .bss           0x00000000        0x0 C:/Freescale/CW MCU v10.6/MCU/ARM_GCC_Support/ewl/lib/armv7e-m/fpu\librt.a(__arm_eabi_init.o)
 .text.__register_global_object
                0x00000000       0x14 C:/Freescale/CW MCU v10.6/MCU/ARM_GCC_Support/ewl/lib/armv7e-m/fpu\librt.a(__arm_eabi_init.o)
 .text.__cxa_atexit
                0x00000000       0x38 C:/Freescale/CW MCU v10.6/MCU/ARM_GCC_Support/ewl/lib/armv7e-m/fpu\librt.a(__arm_eabi_init.o)
 .text.__aeabi_atexit
                0x00000000        0xa C:/Freescale/CW MCU v10.6/MCU/ARM_GCC_Support/ewl/lib/armv7e-m/fpu\librt.a(__arm_eabi_init.o)
 .text.__register_atexit
                0x00000000        0x8 C:/Freescale/CW MCU v10.6/MCU/ARM_GCC_Support/ewl/lib/armv7e-m/fpu\librt.a(__arm_eabi_init.o)
 .text.__init_hardware
                0x00000000        0x4 C:/Freescale/CW MCU v10.6/MCU/ARM_GCC_Support/ewl/lib/armv7e-m/fpu\librt.a(__arm_eabi_init.o)
 .bss.atexit_curr_func
                0x00000000        0x4 C:/Freescale/CW MCU v10.6/MCU/ARM_GCC_Support/ewl/lib/armv7e-m/fpu\librt.a(__arm_eabi_init.o)
 .bss.atexit_funcs
                0x00000000      0x300 C:/Freescale/CW MCU v10.6/MCU/ARM_GCC_Support/ewl/lib/armv7e-m/fpu\librt.a(__arm_eabi_init.o)
 .text          0x00000000        0x0 C:/Freescale/CW MCU v10.6/MCU/ARM_GCC_Support/ewl/lib/armv7e-m/fpu\librt.a(ROMCopy.o)
 .data          0x00000000        0x0 C:/Freescale/CW MCU v10.6/MCU/ARM_GCC_Support/ewl/lib/armv7e-m/fpu\librt.a(ROMCopy.o)
 .bss           0x00000000        0x0 C:/Freescale/CW MCU v10.6/MCU/ARM_GCC_Support/ewl/lib/armv7e-m/fpu\librt.a(ROMCopy.o)
 .text.__flush_cache
                0x00000000        0x2 C:/Freescale/CW MCU v10.6/MCU/ARM_GCC_Support/ewl/lib/armv7e-m/fpu\librt.a(ROMCopy.o)

Memory Configuration

Name             Origin             Length             Attributes
m_interrupts     0x1fff0000         0x000001e8         xr
m_text           0x20000000         0x00010000         xr
m_data           0x1fff01e8         0x0000fe18         rw
m_cfmprotrom     0x00000400         0x00000010         xr
*default*        0x00000000         0xffffffff

Linker script and memory map

LOAD ./Generated_Code/serwo.o
LOAD ./Generated_Code/periodyczne.o
LOAD ./Generated_Code/extINT_init.o
LOAD ./Generated_Code/extINT.o
LOAD ./Generated_Code/dioda_r.o
LOAD ./Generated_Code/dioda_g.o
LOAD ./Generated_Code/dioda_b.o
LOAD ./Generated_Code/dioda3.o
LOAD ./Generated_Code/dioda2.o
LOAD ./Generated_Code/dioda1.o
LOAD ./Generated_Code/Vectors.o
LOAD ./Generated_Code/UART.o
LOAD ./Generated_Code/TU4.o
LOAD ./Generated_Code/TU2.o
LOAD ./Generated_Code/TU1.o
LOAD ./Generated_Code/PE_LDD.o
LOAD ./Generated_Code/Cpu.o
LOAD ./Generated_Code/AdcLdd1.o
LOAD ./Generated_Code/ASerialLdd1.o
LOAD ./Generated_Code/ADC.o
LOAD ./Project_Settings/Startup_Code/__arm_start.o
LOAD ./Project_Settings/Startup_Code/__arm_end.o
LOAD ./Sources/main.o
LOAD ./Sources/Events.o
                0x200017a4                __pformatter = __pformatter_
                [0x20001b9c]                __sformatter = __sformatter
START GROUP
LOAD C:/Freescale/CW MCU v10.6/MCU/ARM_GCC_Support/ewl/lib/armv7e-m/fpu\libc.a
LOAD C:/Freescale/CW MCU v10.6/MCU/ARM_GCC_Support/ewl/lib/armv7e-m/fpu\libm.a
LOAD c:/freescale/cw mcu v10.6/cross_tools/arm-none-eabi-gcc-4_7_3/bin/../lib/gcc/arm-none-eabi/4.7.3/armv7e-m/fpu\libgcc.a
LOAD C:/Freescale/CW MCU v10.6/MCU/ARM_GCC_Support/ewl/lib/armv7e-m/fpu\librt.a
LOAD C:/Freescale/CW MCU v10.6/MCU/ARM_GCC_Support/ewl/lib/armv7e-m/fpu\libuart.a
END GROUP
                0x20000000                _estack = 0x20000000
                0x20000000                __SP_INIT = _estack
                0x00000000                __heap_size = 0x0
                0x00000400                __stack_size = 0x400

.interrupts     0x1fff0000      0x1e8
                0x1fff0000                __vector_table = .
                0x1fff0000                . = ALIGN (0x4)
 *(.vectortable)
 .vectortable   0x1fff0000      0x1e8 ./Generated_Code/Vectors.o
                0x1fff0000                __vect_table
                0x1fff01e8                . = ALIGN (0x4)

.cfmprotect     0x00000400        0x0
                0x00000400                . = ALIGN (0x4)
 *(.cfmconfig)
                0x00000400                . = ALIGN (0x4)

.text           0x20000000     0x2788
                0x20000000                . = ALIGN (0x4)
 *(.text)
 *(.text*)
 .text.serwo_Init
                0x20000000       0x6c ./Generated_Code/serwo.o
                0x20000000                serwo_Init
 .text.periodyczne_Init
                0x2000006c       0x64 ./Generated_Code/periodyczne.o
                0x2000006c                periodyczne_Init
 .text.TU2_OnCounterRestart
                0x200000d0       0x28 ./Generated_Code/periodyczne.o
                0x200000d0                TU2_OnCounterRestart
 .text.extINT_init_Init
                0x200000f8        0xc ./Generated_Code/extINT_init.o
                0x200000f8                extINT_init_Init
 .text.extINT_Init
                0x20000104       0xa8 ./Generated_Code/extINT.o
                0x20000104                extINT_Init
 .text.extINT_Interrupt
                0x200001ac       0x50 ./Generated_Code/extINT.o
                0x200001ac                extINT_Interrupt
 .text.dioda_r_Init
                0x200001fc       0x6c ./Generated_Code/dioda_r.o
                0x200001fc                dioda_r_Init
 .text.dioda_g_Init
                0x20000268       0x6c ./Generated_Code/dioda_g.o
                0x20000268                dioda_g_Init
 .text.dioda_b_Init
                0x200002d4       0x6c ./Generated_Code/dioda_b.o
                0x200002d4                dioda_b_Init
 .text.dioda3_Init
                0x20000340       0x84 ./Generated_Code/dioda3.o
                0x20000340                dioda3_Init
 .text.dioda3_NegVal
                0x200003c4       0x20 ./Generated_Code/dioda3.o
                0x200003c4                dioda3_NegVal
 .text.dioda2_Init
                0x200003e4       0x84 ./Generated_Code/dioda2.o
                0x200003e4                dioda2_Init
 .text.dioda2_NegVal
                0x20000468       0x20 ./Generated_Code/dioda2.o
                0x20000468                dioda2_NegVal
 .text.dioda1_Init
                0x20000488       0x84 ./Generated_Code/dioda1.o
                0x20000488                dioda1_Init
 .text.dioda1_NegVal
                0x2000050c       0x20 ./Generated_Code/dioda1.o
                0x2000050c                dioda1_NegVal
 .text.HWEnDi   0x2000052c       0x24 ./Generated_Code/UART.o
 .text.UART_Init
                0x20000550       0x2c ./Generated_Code/UART.o
                0x20000550                UART_Init
 .text.TU4_Init
                0x2000057c      0x210 ./Generated_Code/TU4.o
                0x2000057c                TU4_Init
 .text.TU2_Init
                0x2000078c      0x140 ./Generated_Code/TU2.o
                0x2000078c                TU2_Init
 .text.TU2_Interrupt
                0x200008cc       0x80 ./Generated_Code/TU2.o
                0x200008cc                TU2_Interrupt
 .text.TU1_Init
                0x2000094c      0x198 ./Generated_Code/TU1.o
                0x2000094c                TU1_Init
 .text.Cpu_ivINT_PORTB
                0x20000ae4       0x1c ./Generated_Code/Cpu.o
                0x20000ae4                Cpu_ivINT_PORTB
 .text.Cpu_INT_NMIInterrupt
                0x20000b00       0x1c ./Generated_Code/Cpu.o
                0x20000b00                Cpu_INT_NMIInterrupt
 .text.Cpu_Interrupt
                0x20000b1c       0x18 ./Generated_Code/Cpu.o
                0x20000b1c                Cpu_Interrupt
 .text.__init_hardware
                0x20000b34      0x294 ./Generated_Code/Cpu.o
                0x20000b34                __init_hardware
 .text.Cpu_SetBASEPRI
                0x20000dc8       0x18 ./Generated_Code/Cpu.o
                0x20000dc8                Cpu_SetBASEPRI
 .text.PE_low_level_init
                0x20000de0      0x20c ./Generated_Code/Cpu.o
                0x20000de0                PE_low_level_init
 .text.AdcLdd1_Init
                0x20000fec       0xfc ./Generated_Code/AdcLdd1.o
                0x20000fec                AdcLdd1_Init
 .text.AdcLdd1_GetMeasuredValues
                0x200010e8       0x58 ./Generated_Code/AdcLdd1.o
                0x200010e8                AdcLdd1_GetMeasuredValues
 .text.AdcLdd1_MeasurementCompleteInterrupt
                0x20001140       0x44 ./Generated_Code/AdcLdd1.o
                0x20001140                AdcLdd1_MeasurementCompleteInterrupt
 .text.ASerialLdd1_Init
                0x20001184      0x220 ./Generated_Code/ASerialLdd1.o
                0x20001184                ASerialLdd1_Init
 .text.ASerialLdd1_ReceiveBlock
                0x200013a4       0x50 ./Generated_Code/ASerialLdd1.o
                0x200013a4                ASerialLdd1_ReceiveBlock
 .text.AdcLdd1_OnMeasurementComplete
                0x200013f4       0x48 ./Generated_Code/ADC.o
                0x200013f4                AdcLdd1_OnMeasurementComplete
 .text.ADC_Init
                0x2000143c       0x38 ./Generated_Code/ADC.o
                0x2000143c                ADC_Init
 .text.zero_fill_bss
                0x20001474       0x2c ./Project_Settings/Startup_Code/__arm_start.o
 .text.__thumb_startup
                0x200014a0       0x34 ./Project_Settings/Startup_Code/__arm_start.o
                0x200014a0                __thumb_startup
 .text._ExitProcess
                0x200014d4        0xc ./Project_Settings/Startup_Code/__arm_end.o
                0x200014d4                _ExitProcess
 .text.main     0x200014e0       0x24 ./Sources/main.o
                0x200014e0                main
 .text.Cpu_OnNMIINT
                0x20001504        0xc ./Sources/Events.o
                0x20001504                Cpu_OnNMIINT
 .text.periodyczne_OnInterrupt
                0x20001510       0x20 ./Sources/Events.o
                0x20001510                periodyczne_OnInterrupt
 .text.extINT_OnInterrupt
                0x20001530       0x18 ./Sources/Events.o
                0x20001530                extINT_OnInterrupt
 .text.ADC_OnEnd
                0x20001548        0xc ./Sources/Events.o
                0x20001548                ADC_OnEnd
 .text.exit     0x20001554       0x38 C:/Freescale/CW MCU v10.6/MCU/ARM_GCC_Support/ewl/lib/armv7e-m/fpu\libc.a(exit.o)
                0x20001554                exit
 .text.memset   0x2000158c        0xc C:/Freescale/CW MCU v10.6/MCU/ARM_GCC_Support/ewl/lib/armv7e-m/fpu\libc.a(memset.o)
                0x2000158c                memset
 .text.__fill_mem
                0x20001598       0x76 C:/Freescale/CW MCU v10.6/MCU/ARM_GCC_Support/ewl/lib/armv7e-m/fpu\libc.a(__filll_mem.o)
                0x20001598                __fill_mem
 .text.long2str.isra.0
                0x2000160e      0x196 C:/Freescale/CW MCU v10.6/MCU/ARM_GCC_Support/ewl/lib/armv7e-m/fpu\libc.a(printformat_.o)
 .text.__pformatter_
                0x200017a4      0x3f8 C:/Freescale/CW MCU v10.6/MCU/ARM_GCC_Support/ewl/lib/armv7e-m/fpu\libc.a(printformat_.o)
                0x200017a4                __pformatter_
 .text.__sformatter
                0x20001b9c      0x6f4 C:/Freescale/CW MCU v10.6/MCU/ARM_GCC_Support/ewl/lib/armv7e-m/fpu\libc.a(scanformat_.o)
                0x20001b9c                __sformatter
 .text.isalpha  0x20002290       0x1c C:/Freescale/CW MCU v10.6/MCU/ARM_GCC_Support/ewl/lib/armv7e-m/fpu\libc.a(ctype_aeabi.o)
                0x20002290                isalpha
 .text.isspace  0x200022ac       0x1c C:/Freescale/CW MCU v10.6/MCU/ARM_GCC_Support/ewl/lib/armv7e-m/fpu\libc.a(ctype_aeabi.o)
                0x200022ac                isspace
 .text.toupper  0x200022c8        0xc C:/Freescale/CW MCU v10.6/MCU/ARM_GCC_Support/ewl/lib/armv7e-m/fpu\libc.a(ctype_aeabi.o)
                0x200022c8                toupper
 .text.__strtoul
                0x200022d4      0x214 C:/Freescale/CW MCU v10.6/MCU/ARM_GCC_Support/ewl/lib/armv7e-m/fpu\libc.a(__strtoul.o)
                0x200022d4                __strtoul
 .text.strchr   0x200024e8       0x1a C:/Freescale/CW MCU v10.6/MCU/ARM_GCC_Support/ewl/lib/armv7e-m/fpu\libc.a(strchr.o)
                0x200024e8                strchr
 .text.strlen   0x20002502       0x10 C:/Freescale/CW MCU v10.6/MCU/ARM_GCC_Support/ewl/lib/armv7e-m/fpu\libc.a(strlen.o)
                0x20002502                strlen
 .text.memchr   0x20002512       0x18 C:/Freescale/CW MCU v10.6/MCU/ARM_GCC_Support/ewl/lib/armv7e-m/fpu\libc.a(memchr.o)
                0x20002512                memchr
 *fill*         0x2000252a        0x2 00
 .text.__init_cpp
                0x2000252c       0x4c C:/Freescale/CW MCU v10.6/MCU/ARM_GCC_Support/ewl/lib/armv7e-m/fpu\librt.a(gcc_ctor_dtor.o)
                0x2000252c                __init_cpp
 .text.__fini_cpp
                0x20002578       0x34 C:/Freescale/CW MCU v10.6/MCU/ARM_GCC_Support/ewl/lib/armv7e-m/fpu\librt.a(gcc_ctor_dtor.o)
                0x20002578                __fini_cpp
 .text.__destroy_global_chain
                0x200025ac       0x18 C:/Freescale/CW MCU v10.6/MCU/ARM_GCC_Support/ewl/lib/armv7e-m/fpu\librt.a(__arm_eabi_init.o)
                0x200025ac                __destroy_global_chain
 .text.__init_registers
                0x200025c4       0x24 C:/Freescale/CW MCU v10.6/MCU/ARM_GCC_Support/ewl/lib/armv7e-m/fpu\librt.a(__arm_eabi_init.o)
                0x200025c4                __init_registers
 .text.__fp_init
                0x200025e8       0x1c C:/Freescale/CW MCU v10.6/MCU/ARM_GCC_Support/ewl/lib/armv7e-m/fpu\librt.a(__arm_eabi_init.o)
                0x200025e8                __fp_init
 .text.__init_user
                0x20002604        0x4 C:/Freescale/CW MCU v10.6/MCU/ARM_GCC_Support/ewl/lib/armv7e-m/fpu\librt.a(__arm_eabi_init.o)
                0x20002604                __init_user
 .text.__copy_rom_section
                0x20002608       0x44 C:/Freescale/CW MCU v10.6/MCU/ARM_GCC_Support/ewl/lib/armv7e-m/fpu\librt.a(ROMCopy.o)
                0x20002608                __copy_rom_section
 .text.__copy_rom_sections_to_ram
                0x2000264c       0x30 C:/Freescale/CW MCU v10.6/MCU/ARM_GCC_Support/ewl/lib/armv7e-m/fpu\librt.a(ROMCopy.o)
                0x2000264c                __copy_rom_sections_to_ram
 *(.rodata)
 *(.rodata*)
 .rodata.str1.1
                0x2000267c        0x1 C:/Freescale/CW MCU v10.6/MCU/ARM_GCC_Support/ewl/lib/armv7e-m/fpu\libc.a(printformat_.o)
 .rodata.CSWTCH.20
                0x2000267d        0x5 C:/Freescale/CW MCU v10.6/MCU/ARM_GCC_Support/ewl/lib/armv7e-m/fpu\libc.a(printformat_.o)
 .rodata.CSWTCH.21
                0x20002682        0x5 C:/Freescale/CW MCU v10.6/MCU/ARM_GCC_Support/ewl/lib/armv7e-m/fpu\libc.a(printformat_.o)
 .rodata.__aeabi_ctype_table_C
                0x20002687      0x101 C:/Freescale/CW MCU v10.6/MCU/ARM_GCC_Support/ewl/lib/armv7e-m/fpu\libc.a(ctype_aeabi.o)
                0x20002687                __aeabi_ctype_table_C
 *(.glue_7)
 .glue_7        0x00000000        0x0 linker stubs
 *(.glue_7t)
 .glue_7t       0x00000000        0x0 linker stubs
 *(.eh_frame)
 *(.init)
 *(.fini)
                0x20002788                . = ALIGN (0x4)
                0x20002788                _etext = .

.vfp11_veneer   0x20002788        0x0
 .vfp11_veneer  0x00000000        0x0 linker stubs

.v4_bx          0x20002788        0x0
 .v4_bx         0x00000000        0x0 linker stubs

.iplt           0x20002788        0x0
 .iplt          0x00000000        0x0 ./Generated_Code/serwo.o

.rel.dyn        0x20002788        0x0
 .rel.iplt      0x00000000        0x0 ./Generated_Code/serwo.o

.ARM.extab
 *(.ARM.extab* .gnu.linkonce.armextab.*)

.ARM            0x20002788        0x0
                0x20002788                __exidx_start = .
 *(.ARM.exidx*)
                0x20002788                __exidx_end = .

.ctors          0x20002788        0x0
                0x20002788                __CTOR_LIST__ = .
 *crtbegin.o(.ctors)
 *(EXCLUDE_FILE(*crtend.o) .ctors)
 *(SORT(.ctors.*))
 *(.ctors)
                0x20002788                __CTOR_END__ = .

.dtors          0x20002788        0x0
                0x20002788                __DTOR_LIST__ = .
 *crtbegin.o(.dtors)
 *(EXCLUDE_FILE(*crtend.o) .dtors)
 *(SORT(.dtors.*))
 *(.dtors)
                0x20002788                __DTOR_END__ = .

.preinit_array  0x20002788        0x0
                0x20002788                PROVIDE (__preinit_array_start, .)
 *(.preinit_array*)
                0x20002788                PROVIDE (__preinit_array_end, .)

.init_array     0x20002788        0x0
                0x20002788                PROVIDE (__init_array_start, .)
 *(SORT(.init_array.*))
 *(.init_array*)
                0x20002788                PROVIDE (__init_array_end, .)

.fini_array     0x20002788        0x0
                0x20002788                PROVIDE (__fini_array_start, .)
 *(SORT(.fini_array.*))
 *(.fini_array*)
                0x20002788                PROVIDE (__fini_array_end, .)
                0x20002788                ___ROM_AT = .

.data           0x1fff01e8        0x0
                0x1fff01e8                . = ALIGN (0x4)
                0x1fff01e8                _sdata = .
 *(.data)
 *(.data*)
                0x1fff01e8                . = ALIGN (0x4)
                0x1fff01e8                _edata = .
                0x00000000                ___data_size = (_edata - _sdata)

.igot.plt       0x1fff01e8        0x0
 .igot.plt      0x00000000        0x0 ./Generated_Code/serwo.o
                0x1fff01e8                . = ALIGN (0x4)

.bss            0x1fff01e8      0x104
                0x1fff01e8                __START_BSS = .
                0x1fff01e8                PROVIDE (__bss_start__, __START_BSS)
 *(.bss)
 *(.bss*)
 .bss.DeviceDataPrv__DEFAULT_RTOS_ALLOC
                0x1fff01e8        0xc ./Generated_Code/serwo.o
 .bss.DeviceDataPrv__DEFAULT_RTOS_ALLOC
                0x1fff01f4        0xc ./Generated_Code/periodyczne.o
 .bss.DeviceDataPrv__DEFAULT_RTOS_ALLOC
                0x1fff0200        0x4 ./Generated_Code/extINT.o
 .bss.INT_PORTB__DEFAULT_RTOS_ISRPARAM
                0x1fff0204        0x4 ./Generated_Code/extINT.o
 .bss.DeviceDataPrv__DEFAULT_RTOS_ALLOC
                0x1fff0208        0xc ./Generated_Code/dioda_r.o
 .bss.DeviceDataPrv__DEFAULT_RTOS_ALLOC
                0x1fff0214        0xc ./Generated_Code/dioda_g.o
 .bss.DeviceDataPrv__DEFAULT_RTOS_ALLOC
                0x1fff0220        0xc ./Generated_Code/dioda_b.o
 .bss.DeviceDataPrv__DEFAULT_RTOS_ALLOC
                0x1fff022c        0x4 ./Generated_Code/dioda3.o
 .bss.DeviceDataPrv__DEFAULT_RTOS_ALLOC
                0x1fff0230        0x4 ./Generated_Code/dioda2.o
 .bss.DeviceDataPrv__DEFAULT_RTOS_ALLOC
                0x1fff0234        0x4 ./Generated_Code/dioda1.o
 .bss.SerFlag   0x1fff0238        0x2 ./Generated_Code/UART.o
 .bss.BufferRead
                0x1fff023a        0x1 ./Generated_Code/UART.o
 *fill*         0x1fff023b        0x1 00
 .bss.DeviceDataPrv__DEFAULT_RTOS_ALLOC
                0x1fff023c        0x8 ./Generated_Code/TU4.o
 .bss.DeviceDataPrv__DEFAULT_RTOS_ALLOC
                0x1fff0244        0xc ./Generated_Code/TU2.o
 .bss.INT_FTM1__DEFAULT_RTOS_ISRPARAM
                0x1fff0250        0x4 ./Generated_Code/TU2.o
 .bss.DeviceDataPrv__DEFAULT_RTOS_ALLOC
                0x1fff0254        0x8 ./Generated_Code/TU1.o
 .bss.PE_LDD_DeviceDataList
                0x1fff025c       0x38 ./Generated_Code/PE_LDD.o
                0x1fff025c                PE_LDD_DeviceDataList
 .bss.DeviceDataPrv__DEFAULT_RTOS_ALLOC
                0x1fff0294        0x8 ./Generated_Code/AdcLdd1.o
 .bss.INT_ADC1__DEFAULT_RTOS_ISRPARAM
                0x1fff029c        0x4 ./Generated_Code/AdcLdd1.o
 .bss.DeviceDataPrv__DEFAULT_RTOS_ALLOC
                0x1fff02a0       0x20 ./Generated_Code/ASerialLdd1.o
 .bss.ModeFlg   0x1fff02c0        0x1 ./Generated_Code/ADC.o
 .bss.OutFlg    0x1fff02c1        0x1 ./Generated_Code/ADC.o
 *fill*         0x1fff02c2        0x2 00
 .bss.argv      0x1fff02c4        0x4 ./Project_Settings/Startup_Code/__arm_start.o
 .bss.__stdio_exit
                0x1fff02c8        0x4 C:/Freescale/CW MCU v10.6/MCU/ARM_GCC_Support/ewl/lib/armv7e-m/fpu\libc.a(exit.o)
                0x1fff02c8                __stdio_exit
 .bss.__console_exit
                0x1fff02cc        0x4 C:/Freescale/CW MCU v10.6/MCU/ARM_GCC_Support/ewl/lib/armv7e-m/fpu\libc.a(exit.o)
                0x1fff02cc                __console_exit
 .bss.__global_destructor_chain
                0x1fff02d0        0x4 C:/Freescale/CW MCU v10.6/MCU/ARM_GCC_Support/ewl/lib/armv7e-m/fpu\librt.a(__arm_eabi_init.o)
                0x1fff02d0                __global_destructor_chain
 .bss.__S_romp  0x1fff02d4        0xc C:/Freescale/CW MCU v10.6/MCU/ARM_GCC_Support/ewl/lib/armv7e-m/fpu\librt.a(ROMCopy.o)
 *(COMMON)
 COMMON         0x1fff02e0        0x4 ./Generated_Code/UART.o
                0x1fff02e0                ASerialLdd1_DeviceDataPtr
 COMMON         0x1fff02e4        0x8 ./Generated_Code/ADC.o
                0x1fff02e4                ADC_OutV
                0x1fff02e8                AdcLdd1_DeviceDataPtr
                0x1fff02ec                . = ALIGN (0x4)
                0x1fff02ec                __END_BSS = .
                0x1fff02ec                PROVIDE (__bss_end__, __END_BSS)
                0x00000000                __S_romp = 0x0

._user_heap_stack
                0x1fff02ec      0x400
                0x1fff02ec                . = ALIGN (0x4)
                0x1fff02ec                PROVIDE (end, .)
                0x1fff02ec                PROVIDE (_end, .)
                0x1fff02ec                __heap_addr = .
                0x1fff02ec                . = (. + __heap_size)
                0x1fff06ec                . = (. + __stack_size)
 *fill*         0x1fff02ec      0x400 00
                0x1fff06ec                . = ALIGN (0x4)

.ARM.attributes
                0x00000000       0x3b
 *(.ARM.attributes)
 .ARM.attributes
                0x00000000       0x3b ./Generated_Code/serwo.o
 .ARM.attributes
                0x0000003b       0x3b ./Generated_Code/periodyczne.o
 .ARM.attributes
                0x00000076       0x3b ./Generated_Code/extINT_init.o
 .ARM.attributes
                0x000000b1       0x3b ./Generated_Code/extINT.o
 .ARM.attributes
                0x000000ec       0x3b ./Generated_Code/dioda_r.o
 .ARM.attributes
                0x00000127       0x3b ./Generated_Code/dioda_g.o
 .ARM.attributes
                0x00000162       0x3b ./Generated_Code/dioda_b.o
 .ARM.attributes
                0x0000019d       0x3b ./Generated_Code/dioda3.o
 .ARM.attributes
                0x000001d8       0x3b ./Generated_Code/dioda2.o
 .ARM.attributes
                0x00000213       0x3b ./Generated_Code/dioda1.o
 .ARM.attributes
                0x0000024e       0x3b ./Generated_Code/Vectors.o
 .ARM.attributes
                0x00000289       0x3b ./Generated_Code/UART.o
 .ARM.attributes
                0x000002c4       0x3b ./Generated_Code/TU4.o
 .ARM.attributes
                0x000002ff       0x3b ./Generated_Code/TU2.o
 .ARM.attributes
                0x0000033a       0x3b ./Generated_Code/TU1.o
 .ARM.attributes
                0x00000375       0x3b ./Generated_Code/PE_LDD.o
 .ARM.attributes
                0x000003b0       0x3b ./Generated_Code/Cpu.o
 .ARM.attributes
                0x000003eb       0x3b ./Generated_Code/AdcLdd1.o
 .ARM.attributes
                0x00000426       0x3b ./Generated_Code/ASerialLdd1.o
 .ARM.attributes
                0x00000461       0x3b ./Generated_Code/ADC.o
 .ARM.attributes
                0x0000049c       0x3b ./Project_Settings/Startup_Code/__arm_start.o
 .ARM.attributes
                0x000004d7       0x3b ./Project_Settings/Startup_Code/__arm_end.o
 .ARM.attributes
                0x00000512       0x3b ./Sources/main.o
 .ARM.attributes
                0x0000054d       0x3b ./Sources/Events.o
 .ARM.attributes
                0x00000588       0x3b C:/Freescale/CW MCU v10.6/MCU/ARM_GCC_Support/ewl/lib/armv7e-m/fpu\libc.a(exit.o)
 .ARM.attributes
                0x000005c3       0x3b C:/Freescale/CW MCU v10.6/MCU/ARM_GCC_Support/ewl/lib/armv7e-m/fpu\libc.a(memset.o)
 .ARM.attributes
                0x000005fe       0x3b C:/Freescale/CW MCU v10.6/MCU/ARM_GCC_Support/ewl/lib/armv7e-m/fpu\libc.a(__filll_mem.o)
 .ARM.attributes
                0x00000639       0x3b C:/Freescale/CW MCU v10.6/MCU/ARM_GCC_Support/ewl/lib/armv7e-m/fpu\libc.a(printformat_.o)
 .ARM.attributes
                0x00000674       0x3b C:/Freescale/CW MCU v10.6/MCU/ARM_GCC_Support/ewl/lib/armv7e-m/fpu\libc.a(scanformat_.o)
 .ARM.attributes
                0x000006af       0x3b C:/Freescale/CW MCU v10.6/MCU/ARM_GCC_Support/ewl/lib/armv7e-m/fpu\libc.a(ctype_aeabi.o)
 .ARM.attributes
                0x000006ea       0x3b C:/Freescale/CW MCU v10.6/MCU/ARM_GCC_Support/ewl/lib/armv7e-m/fpu\libc.a(__strtoul.o)
 .ARM.attributes
                0x00000725       0x3b C:/Freescale/CW MCU v10.6/MCU/ARM_GCC_Support/ewl/lib/armv7e-m/fpu\libc.a(strchr.o)
 .ARM.attributes
                0x00000760       0x3b C:/Freescale/CW MCU v10.6/MCU/ARM_GCC_Support/ewl/lib/armv7e-m/fpu\libc.a(strlen.o)
 .ARM.attributes
                0x0000079b       0x3b C:/Freescale/CW MCU v10.6/MCU/ARM_GCC_Support/ewl/lib/armv7e-m/fpu\libc.a(memchr.o)
 .ARM.attributes
                0x000007d6       0x3b C:/Freescale/CW MCU v10.6/MCU/ARM_GCC_Support/ewl/lib/armv7e-m/fpu\librt.a(gcc_ctor_dtor.o)
 .ARM.attributes
                0x00000811       0x3b C:/Freescale/CW MCU v10.6/MCU/ARM_GCC_Support/ewl/lib/armv7e-m/fpu\librt.a(__arm_eabi_init.o)
 .ARM.attributes
                0x0000084c       0x3b C:/Freescale/CW MCU v10.6/MCU/ARM_GCC_Support/ewl/lib/armv7e-m/fpu\librt.a(ROMCopy.o)
OUTPUT(ster_rob.elf elf32-littlearm)

.debug_info     0x00000000     0x771f
 .debug_info    0x00000000      0x26f ./Generated_Code/serwo.o
 .debug_info    0x0000026f      0x178 ./Generated_Code/periodyczne.o
 .debug_info    0x000003e7       0x8b ./Generated_Code/extINT_init.o
 .debug_info    0x00000472      0x3b3 ./Generated_Code/extINT.o
 .debug_info    0x00000825      0x26f ./Generated_Code/dioda_r.o
 .debug_info    0x00000a94      0x26f ./Generated_Code/dioda_g.o
 .debug_info    0x00000d03      0x26f ./Generated_Code/dioda_b.o
 .debug_info    0x00000f72      0x334 ./Generated_Code/dioda3.o
 .debug_info    0x000012a6      0x334 ./Generated_Code/dioda2.o
 .debug_info    0x000015da      0x334 ./Generated_Code/dioda1.o
 .debug_info    0x0000190e      0x105 ./Generated_Code/Vectors.o
 .debug_info    0x00001a13      0x223 ./Generated_Code/UART.o
 .debug_info    0x00001c36      0x81b ./Generated_Code/TU4.o
 .debug_info    0x00002451      0x6ed ./Generated_Code/TU2.o
 .debug_info    0x00002b3e      0x817 ./Generated_Code/TU1.o
 .debug_info    0x00003355      0x24e ./Generated_Code/PE_LDD.o
 .debug_info    0x000035a3      0xcf8 ./Generated_Code/Cpu.o
 .debug_info    0x0000429b      0x9d8 ./Generated_Code/AdcLdd1.o
 .debug_info    0x00004c73      0xa66 ./Generated_Code/ASerialLdd1.o
 .debug_info    0x000056d9      0x20e ./Generated_Code/ADC.o
 .debug_info    0x000058e7      0x12a ./Project_Settings/Startup_Code/__arm_start.o
 .debug_info    0x00005a11       0x54 ./Project_Settings/Startup_Code/__arm_end.o
 .debug_info    0x00005a65       0x8f ./Sources/main.o
 .debug_info    0x00005af4      0x112 ./Sources/Events.o
 .debug_info    0x00005c06       0xe8 C:/Freescale/CW MCU v10.6/MCU/ARM_GCC_Support/ewl/lib/armv7e-m/fpu\libc.a(exit.o)
 .debug_info    0x00005cee       0xec C:/Freescale/CW MCU v10.6/MCU/ARM_GCC_Support/ewl/lib/armv7e-m/fpu\libc.a(memset.o)
 .debug_info    0x00005dda      0x135 C:/Freescale/CW MCU v10.6/MCU/ARM_GCC_Support/ewl/lib/armv7e-m/fpu\libc.a(__filll_mem.o)
 .debug_info    0x00005f0f      0x50e C:/Freescale/CW MCU v10.6/MCU/ARM_GCC_Support/ewl/lib/armv7e-m/fpu\libc.a(printformat_.o)
 .debug_info    0x0000641d      0x565 C:/Freescale/CW MCU v10.6/MCU/ARM_GCC_Support/ewl/lib/armv7e-m/fpu\libc.a(scanformat_.o)
 .debug_info    0x00006982      0x306 C:/Freescale/CW MCU v10.6/MCU/ARM_GCC_Support/ewl/lib/armv7e-m/fpu\libc.a(ctype_aeabi.o)
 .debug_info    0x00006c88      0x1d6 C:/Freescale/CW MCU v10.6/MCU/ARM_GCC_Support/ewl/lib/armv7e-m/fpu\libc.a(__strtoul.o)
 .debug_info    0x00006e5e      0x108 C:/Freescale/CW MCU v10.6/MCU/ARM_GCC_Support/ewl/lib/armv7e-m/fpu\libc.a(strchr.o)
 .debug_info    0x00006f66       0xeb C:/Freescale/CW MCU v10.6/MCU/ARM_GCC_Support/ewl/lib/armv7e-m/fpu\libc.a(strlen.o)
 .debug_info    0x00007051      0x120 C:/Freescale/CW MCU v10.6/MCU/ARM_GCC_Support/ewl/lib/armv7e-m/fpu\libc.a(memchr.o)
 .debug_info    0x00007171      0x136 C:/Freescale/CW MCU v10.6/MCU/ARM_GCC_Support/ewl/lib/armv7e-m/fpu\librt.a(gcc_ctor_dtor.o)
 .debug_info    0x000072a7      0x2de C:/Freescale/CW MCU v10.6/MCU/ARM_GCC_Support/ewl/lib/armv7e-m/fpu\librt.a(__arm_eabi_init.o)
 .debug_info    0x00007585      0x19a C:/Freescale/CW MCU v10.6/MCU/ARM_GCC_Support/ewl/lib/armv7e-m/fpu\librt.a(ROMCopy.o)

.debug_abbrev   0x00000000     0x2337
 .debug_abbrev  0x00000000       0xec ./Generated_Code/serwo.o
 .debug_abbrev  0x000000ec       0xd2 ./Generated_Code/periodyczne.o
 .debug_abbrev  0x000001be       0x3d ./Generated_Code/extINT_init.o
 .debug_abbrev  0x000001fb      0x134 ./Generated_Code/extINT.o
 .debug_abbrev  0x0000032f       0xec ./Generated_Code/dioda_r.o
 .debug_abbrev  0x0000041b       0xec ./Generated_Code/dioda_g.o
 .debug_abbrev  0x00000507       0xec ./Generated_Code/dioda_b.o
 .debug_abbrev  0x000005f3      0x11c ./Generated_Code/dioda3.o
 .debug_abbrev  0x0000070f      0x11c ./Generated_Code/dioda2.o
 .debug_abbrev  0x0000082b      0x11c ./Generated_Code/dioda1.o
 .debug_abbrev  0x00000947       0xa3 ./Generated_Code/Vectors.o
 .debug_abbrev  0x000009ea      0x11a ./Generated_Code/UART.o
 .debug_abbrev  0x00000b04      0x17e ./Generated_Code/TU4.o
 .debug_abbrev  0x00000c82      0x141 ./Generated_Code/TU2.o
 .debug_abbrev  0x00000dc3      0x17e ./Generated_Code/TU1.o
 .debug_abbrev  0x00000f41      0x102 ./Generated_Code/PE_LDD.o
 .debug_abbrev  0x00001043      0x159 ./Generated_Code/Cpu.o
 .debug_abbrev  0x0000119c      0x188 ./Generated_Code/AdcLdd1.o
 .debug_abbrev  0x00001324      0x1a3 ./Generated_Code/ASerialLdd1.o
 .debug_abbrev  0x000014c7       0xff ./Generated_Code/ADC.o
 .debug_abbrev  0x000015c6       0x92 ./Project_Settings/Startup_Code/__arm_start.o
 .debug_abbrev  0x00001658       0x4c ./Project_Settings/Startup_Code/__arm_end.o
 .debug_abbrev  0x000016a4       0x3f ./Sources/main.o
 .debug_abbrev  0x000016e3       0x77 ./Sources/Events.o
 .debug_abbrev  0x0000175a       0x7a C:/Freescale/CW MCU v10.6/MCU/ARM_GCC_Support/ewl/lib/armv7e-m/fpu\libc.a(exit.o)
 .debug_abbrev  0x000017d4       0x62 C:/Freescale/CW MCU v10.6/MCU/ARM_GCC_Support/ewl/lib/armv7e-m/fpu\libc.a(memset.o)
 .debug_abbrev  0x00001836       0x87 C:/Freescale/CW MCU v10.6/MCU/ARM_GCC_Support/ewl/lib/armv7e-m/fpu\libc.a(__filll_mem.o)
 .debug_abbrev  0x000018bd      0x200 C:/Freescale/CW MCU v10.6/MCU/ARM_GCC_Support/ewl/lib/armv7e-m/fpu\libc.a(printformat_.o)
 .debug_abbrev  0x00001abd      0x1f0 C:/Freescale/CW MCU v10.6/MCU/ARM_GCC_Support/ewl/lib/armv7e-m/fpu\libc.a(scanformat_.o)
 .debug_abbrev  0x00001cad       0x85 C:/Freescale/CW MCU v10.6/MCU/ARM_GCC_Support/ewl/lib/armv7e-m/fpu\libc.a(ctype_aeabi.o)
 .debug_abbrev  0x00001d32       0xc2 C:/Freescale/CW MCU v10.6/MCU/ARM_GCC_Support/ewl/lib/armv7e-m/fpu\libc.a(__strtoul.o)
 .debug_abbrev  0x00001df4       0x89 C:/Freescale/CW MCU v10.6/MCU/ARM_GCC_Support/ewl/lib/armv7e-m/fpu\libc.a(strchr.o)
 .debug_abbrev  0x00001e7d       0x7a C:/Freescale/CW MCU v10.6/MCU/ARM_GCC_Support/ewl/lib/armv7e-m/fpu\libc.a(strlen.o)
 .debug_abbrev  0x00001ef7       0x95 C:/Freescale/CW MCU v10.6/MCU/ARM_GCC_Support/ewl/lib/armv7e-m/fpu\libc.a(memchr.o)
 .debug_abbrev  0x00001f8c       0x99 C:/Freescale/CW MCU v10.6/MCU/ARM_GCC_Support/ewl/lib/armv7e-m/fpu\librt.a(gcc_ctor_dtor.o)
 .debug_abbrev  0x00002025      0x1db C:/Freescale/CW MCU v10.6/MCU/ARM_GCC_Support/ewl/lib/armv7e-m/fpu\librt.a(__arm_eabi_init.o)
 .debug_abbrev  0x00002200      0x137 C:/Freescale/CW MCU v10.6/MCU/ARM_GCC_Support/ewl/lib/armv7e-m/fpu\librt.a(ROMCopy.o)

.debug_loc      0x00000000     0x318f
 .debug_loc     0x00000000       0xe0 ./Generated_Code/serwo.o
 .debug_loc     0x000000e0       0x70 ./Generated_Code/periodyczne.o
 .debug_loc     0x00000150       0x2c ./Generated_Code/extINT_init.o
 .debug_loc     0x0000017c       0x70 ./Generated_Code/extINT.o
 .debug_loc     0x000001ec       0xe0 ./Generated_Code/dioda_r.o
 .debug_loc     0x000002cc       0xe0 ./Generated_Code/dioda_g.o
 .debug_loc     0x000003ac       0xe0 ./Generated_Code/dioda_b.o
 .debug_loc     0x0000048c       0xe0 ./Generated_Code/dioda3.o
 .debug_loc     0x0000056c       0xe0 ./Generated_Code/dioda2.o
 .debug_loc     0x0000064c       0xe0 ./Generated_Code/dioda1.o
 .debug_loc     0x0000072c      0x158 ./Generated_Code/UART.o
 .debug_loc     0x00000884      0x150 ./Generated_Code/TU4.o
 .debug_loc     0x000009d4       0x70 ./Generated_Code/TU2.o
 .debug_loc     0x00000a44      0x150 ./Generated_Code/TU1.o
 .debug_loc     0x00000b94       0x9c ./Generated_Code/PE_LDD.o
 .debug_loc     0x00000c30      0x114 ./Generated_Code/Cpu.o
 .debug_loc     0x00000d44      0x188 ./Generated_Code/AdcLdd1.o
 .debug_loc     0x00000ecc      0x1f8 ./Generated_Code/ASerialLdd1.o
 .debug_loc     0x000010c4      0x100 ./Generated_Code/ADC.o
 .debug_loc     0x000011c4       0x2c ./Project_Settings/Startup_Code/__arm_start.o
 .debug_loc     0x000011f0       0x38 ./Project_Settings/Startup_Code/__arm_end.o
 .debug_loc     0x00001228       0x2c ./Sources/main.o
 .debug_loc     0x00001254       0xf4 ./Sources/Events.o
 .debug_loc     0x00001348       0x3e C:/Freescale/CW MCU v10.6/MCU/ARM_GCC_Support/ewl/lib/armv7e-m/fpu\libc.a(exit.o)
 .debug_loc     0x00001386       0x64 C:/Freescale/CW MCU v10.6/MCU/ARM_GCC_Support/ewl/lib/armv7e-m/fpu\libc.a(memset.o)
 .debug_loc     0x000013ea      0x12c C:/Freescale/CW MCU v10.6/MCU/ARM_GCC_Support/ewl/lib/armv7e-m/fpu\libc.a(__filll_mem.o)
 .debug_loc     0x00001516      0xbdc C:/Freescale/CW MCU v10.6/MCU/ARM_GCC_Support/ewl/lib/armv7e-m/fpu\libc.a(printformat_.o)
 .debug_loc     0x000020f2      0x8b6 C:/Freescale/CW MCU v10.6/MCU/ARM_GCC_Support/ewl/lib/armv7e-m/fpu\libc.a(scanformat_.o)
 .debug_loc     0x000029a8      0x18e C:/Freescale/CW MCU v10.6/MCU/ARM_GCC_Support/ewl/lib/armv7e-m/fpu\libc.a(ctype_aeabi.o)
 .debug_loc     0x00002b36      0x2bb C:/Freescale/CW MCU v10.6/MCU/ARM_GCC_Support/ewl/lib/armv7e-m/fpu\libc.a(__strtoul.o)
 .debug_loc     0x00002df1       0x7c C:/Freescale/CW MCU v10.6/MCU/ARM_GCC_Support/ewl/lib/armv7e-m/fpu\libc.a(strchr.o)
 .debug_loc     0x00002e6d       0x26 C:/Freescale/CW MCU v10.6/MCU/ARM_GCC_Support/ewl/lib/armv7e-m/fpu\libc.a(strlen.o)
 .debug_loc     0x00002e93       0x62 C:/Freescale/CW MCU v10.6/MCU/ARM_GCC_Support/ewl/lib/armv7e-m/fpu\libc.a(memchr.o)
 .debug_loc     0x00002ef5       0x9d C:/Freescale/CW MCU v10.6/MCU/ARM_GCC_Support/ewl/lib/armv7e-m/fpu\librt.a(gcc_ctor_dtor.o)
 .debug_loc     0x00002f92      0x144 C:/Freescale/CW MCU v10.6/MCU/ARM_GCC_Support/ewl/lib/armv7e-m/fpu\librt.a(__arm_eabi_init.o)
 .debug_loc     0x000030d6       0xb9 C:/Freescale/CW MCU v10.6/MCU/ARM_GCC_Support/ewl/lib/armv7e-m/fpu\librt.a(ROMCopy.o)

.debug_aranges  0x00000000      0x798
 .debug_aranges
                0x00000000       0x38 ./Generated_Code/serwo.o
 .debug_aranges
                0x00000038       0x28 ./Generated_Code/periodyczne.o
 .debug_aranges
                0x00000060       0x20 ./Generated_Code/extINT_init.o
 .debug_aranges
                0x00000080       0x28 ./Generated_Code/extINT.o
 .debug_aranges
                0x000000a8       0x38 ./Generated_Code/dioda_r.o
 .debug_aranges
                0x000000e0       0x38 ./Generated_Code/dioda_g.o
 .debug_aranges
                0x00000118       0x38 ./Generated_Code/dioda_b.o
 .debug_aranges
                0x00000150       0x38 ./Generated_Code/dioda3.o
 .debug_aranges
                0x00000188       0x38 ./Generated_Code/dioda2.o
 .debug_aranges
                0x000001c0       0x38 ./Generated_Code/dioda1.o
 .debug_aranges
                0x000001f8       0x18 ./Generated_Code/Vectors.o
 .debug_aranges
                0x00000210       0x50 ./Generated_Code/UART.o
 .debug_aranges
                0x00000260       0x48 ./Generated_Code/TU4.o
 .debug_aranges
                0x000002a8       0x28 ./Generated_Code/TU2.o
 .debug_aranges
                0x000002d0       0x48 ./Generated_Code/TU1.o
 .debug_aranges
                0x00000318       0x30 ./Generated_Code/PE_LDD.o
 .debug_aranges
                0x00000348       0x48 ./Generated_Code/Cpu.o
 .debug_aranges
                0x00000390       0x50 ./Generated_Code/AdcLdd1.o
 .debug_aranges
                0x000003e0       0x60 ./Generated_Code/ASerialLdd1.o
 .debug_aranges
                0x00000440       0x40 ./Generated_Code/ADC.o
 .debug_aranges
                0x00000480       0x30 ./Project_Settings/Startup_Code/__arm_start.o
 .debug_aranges
                0x000004b0       0x20 ./Project_Settings/Startup_Code/__arm_end.o
 .debug_aranges
                0x000004d0       0x20 ./Sources/main.o
 .debug_aranges
                0x000004f0       0x40 ./Sources/Events.o
 .debug_aranges
                0x00000530       0x20 C:/Freescale/CW MCU v10.6/MCU/ARM_GCC_Support/ewl/lib/armv7e-m/fpu\libc.a(exit.o)
 .debug_aranges
                0x00000550       0x20 C:/Freescale/CW MCU v10.6/MCU/ARM_GCC_Support/ewl/lib/armv7e-m/fpu\libc.a(memset.o)
 .debug_aranges
                0x00000570       0x20 C:/Freescale/CW MCU v10.6/MCU/ARM_GCC_Support/ewl/lib/armv7e-m/fpu\libc.a(__filll_mem.o)
 .debug_aranges
                0x00000590       0x28 C:/Freescale/CW MCU v10.6/MCU/ARM_GCC_Support/ewl/lib/armv7e-m/fpu\libc.a(printformat_.o)
 .debug_aranges
                0x000005b8       0x20 C:/Freescale/CW MCU v10.6/MCU/ARM_GCC_Support/ewl/lib/armv7e-m/fpu\libc.a(scanformat_.o)
 .debug_aranges
                0x000005d8       0x88 C:/Freescale/CW MCU v10.6/MCU/ARM_GCC_Support/ewl/lib/armv7e-m/fpu\libc.a(ctype_aeabi.o)
 .debug_aranges
                0x00000660       0x20 C:/Freescale/CW MCU v10.6/MCU/ARM_GCC_Support/ewl/lib/armv7e-m/fpu\libc.a(__strtoul.o)
 .debug_aranges
                0x00000680       0x20 C:/Freescale/CW MCU v10.6/MCU/ARM_GCC_Support/ewl/lib/armv7e-m/fpu\libc.a(strchr.o)
 .debug_aranges
                0x000006a0       0x20 C:/Freescale/CW MCU v10.6/MCU/ARM_GCC_Support/ewl/lib/armv7e-m/fpu\libc.a(strlen.o)
 .debug_aranges
                0x000006c0       0x20 C:/Freescale/CW MCU v10.6/MCU/ARM_GCC_Support/ewl/lib/armv7e-m/fpu\libc.a(memchr.o)
 .debug_aranges
                0x000006e0       0x28 C:/Freescale/CW MCU v10.6/MCU/ARM_GCC_Support/ewl/lib/armv7e-m/fpu\librt.a(gcc_ctor_dtor.o)
 .debug_aranges
                0x00000708       0x60 C:/Freescale/CW MCU v10.6/MCU/ARM_GCC_Support/ewl/lib/armv7e-m/fpu\librt.a(__arm_eabi_init.o)
 .debug_aranges
                0x00000768       0x30 C:/Freescale/CW MCU v10.6/MCU/ARM_GCC_Support/ewl/lib/armv7e-m/fpu\librt.a(ROMCopy.o)

.debug_macinfo  0x00000000   0xcb989b
 .debug_macinfo
                0x00000000    0x921cf ./Generated_Code/serwo.o
 .debug_macinfo
                0x000921cf    0x9c0f3 ./Generated_Code/periodyczne.o
 .debug_macinfo
                0x0012e2c2    0x889f5 ./Generated_Code/extINT_init.o
 .debug_macinfo
                0x001b6cb7    0x9c0af ./Generated_Code/extINT.o
 .debug_macinfo
                0x00252d66    0x92221 ./Generated_Code/dioda_r.o
 .debug_macinfo
                0x002e4f87    0x92221 ./Generated_Code/dioda_g.o
 .debug_macinfo
                0x003771a8    0x92221 ./Generated_Code/dioda_b.o
 .debug_macinfo
                0x004093c9    0x8988e ./Generated_Code/dioda3.o
 .debug_macinfo
                0x00492c57    0x8988e ./Generated_Code/dioda2.o
 .debug_macinfo
                0x0051c4e5    0x8988e ./Generated_Code/dioda1.o
 .debug_macinfo
                0x005a5d73    0x9c0db ./Generated_Code/Vectors.o
 .debug_macinfo
                0x00641e4e    0x88c83 ./Generated_Code/UART.o
 .debug_macinfo
                0x006caad1    0x92146 ./Generated_Code/TU4.o
 .debug_macinfo
                0x0075cc17    0x9210a ./Generated_Code/TU2.o
 .debug_macinfo
                0x007eed21    0x920d9 ./Generated_Code/TU1.o
 .debug_macinfo
                0x00880dfa    0x9c087 ./Generated_Code/PE_LDD.o
 .debug_macinfo
                0x0091ce81    0x9c0db ./Generated_Code/Cpu.o
 .debug_macinfo
                0x009b8f5c    0x8df73 ./Generated_Code/AdcLdd1.o
 .debug_macinfo
                0x00a46ecf    0x97301 ./Generated_Code/ASerialLdd1.o
 .debug_macinfo
                0x00ade1d0    0x9c102 ./Generated_Code/ADC.o
 .debug_macinfo
                0x00b7a2d2     0x3f41 ./Project_Settings/Startup_Code/__arm_start.o
 .debug_macinfo
                0x00b7e213     0x352a ./Project_Settings/Startup_Code/__arm_end.o
 .debug_macinfo
                0x00b8173d    0x9c0af ./Sources/main.o
 .debug_macinfo
                0x00c1d7ec    0x9c0af ./Sources/Events.o

.debug_line     0x00000000     0x5caf
 .debug_line    0x00000000      0x2d0 ./Generated_Code/serwo.o
 .debug_line    0x000002d0      0x3ff ./Generated_Code/periodyczne.o
 .debug_line    0x000006cf      0x225 ./Generated_Code/extINT_init.o
 .debug_line    0x000008f4      0x3f7 ./Generated_Code/extINT.o
 .debug_line    0x00000ceb      0x2d4 ./Generated_Code/dioda_r.o
 .debug_line    0x00000fbf      0x2d4 ./Generated_Code/dioda_g.o
 .debug_line    0x00001293      0x2d4 ./Generated_Code/dioda_b.o
 .debug_line    0x00001567      0x2b8 ./Generated_Code/dioda3.o
 .debug_line    0x0000181f      0x2b8 ./Generated_Code/dioda2.o
 .debug_line    0x00001ad7      0x2b8 ./Generated_Code/dioda1.o
 .debug_line    0x00001d8f      0x4c3 ./Generated_Code/Vectors.o
 .debug_line    0x00002252      0x2ab ./Generated_Code/UART.o
 .debug_line    0x000024fd      0x334 ./Generated_Code/TU4.o
 .debug_line    0x00002831      0x2bb ./Generated_Code/TU2.o
 .debug_line    0x00002aec      0x32c ./Generated_Code/TU1.o
 .debug_line    0x00002e18      0x3a3 ./Generated_Code/PE_LDD.o
 .debug_line    0x000031bb      0x579 ./Generated_Code/Cpu.o
 .debug_line    0x00003734      0x32e ./Generated_Code/AdcLdd1.o
 .debug_line    0x00003a62      0x386 ./Generated_Code/ASerialLdd1.o
 .debug_line    0x00003de8      0x431 ./Generated_Code/ADC.o
 .debug_line    0x00004219      0x294 ./Project_Settings/Startup_Code/__arm_start.o
 .debug_line    0x000044ad      0x266 ./Project_Settings/Startup_Code/__arm_end.o
 .debug_line    0x00004713      0x39f ./Sources/main.o
 .debug_line    0x00004ab2      0x3e2 ./Sources/Events.o
 .debug_line    0x00004e94       0x94 C:/Freescale/CW MCU v10.6/MCU/ARM_GCC_Support/ewl/lib/armv7e-m/fpu\libc.a(exit.o)
 .debug_line    0x00004f28       0x8f C:/Freescale/CW MCU v10.6/MCU/ARM_GCC_Support/ewl/lib/armv7e-m/fpu\libc.a(memset.o)
 .debug_line    0x00004fb7       0xcd C:/Freescale/CW MCU v10.6/MCU/ARM_GCC_Support/ewl/lib/armv7e-m/fpu\libc.a(__filll_mem.o)
 .debug_line    0x00005084      0x2b4 C:/Freescale/CW MCU v10.6/MCU/ARM_GCC_Support/ewl/lib/armv7e-m/fpu\libc.a(printformat_.o)
 .debug_line    0x00005338      0x2df C:/Freescale/CW MCU v10.6/MCU/ARM_GCC_Support/ewl/lib/armv7e-m/fpu\libc.a(scanformat_.o)
 .debug_line    0x00005617      0x1a9 C:/Freescale/CW MCU v10.6/MCU/ARM_GCC_Support/ewl/lib/armv7e-m/fpu\libc.a(ctype_aeabi.o)
 .debug_line    0x000057c0      0x11b C:/Freescale/CW MCU v10.6/MCU/ARM_GCC_Support/ewl/lib/armv7e-m/fpu\libc.a(__strtoul.o)
 .debug_line    0x000058db       0x7d C:/Freescale/CW MCU v10.6/MCU/ARM_GCC_Support/ewl/lib/armv7e-m/fpu\libc.a(strchr.o)
 .debug_line    0x00005958       0x83 C:/Freescale/CW MCU v10.6/MCU/ARM_GCC_Support/ewl/lib/armv7e-m/fpu\libc.a(strlen.o)
 .debug_line    0x000059db       0x9f C:/Freescale/CW MCU v10.6/MCU/ARM_GCC_Support/ewl/lib/armv7e-m/fpu\libc.a(memchr.o)
 .debug_line    0x00005a7a       0x67 C:/Freescale/CW MCU v10.6/MCU/ARM_GCC_Support/ewl/lib/armv7e-m/fpu\librt.a(gcc_ctor_dtor.o)
 .debug_line    0x00005ae1      0x125 C:/Freescale/CW MCU v10.6/MCU/ARM_GCC_Support/ewl/lib/armv7e-m/fpu\librt.a(__arm_eabi_init.o)
 .debug_line    0x00005c06       0xa9 C:/Freescale/CW MCU v10.6/MCU/ARM_GCC_Support/ewl/lib/armv7e-m/fpu\librt.a(ROMCopy.o)

.debug_str      0x00000000     0x1e79
 .debug_str     0x00000000      0x216 ./Generated_Code/serwo.o
                                0x25c (size before relaxing)
 .debug_str     0x00000216       0x5e ./Generated_Code/periodyczne.o
                                0x1f1 (size before relaxing)
 .debug_str     0x00000274       0x31 ./Generated_Code/extINT_init.o
                                0x134 (size before relaxing)
 .debug_str     0x000002a5      0x140 ./Generated_Code/extINT.o
                                0x2c5 (size before relaxing)
 .debug_str     0x000003e5       0x62 ./Generated_Code/dioda_r.o
                                0x266 (size before relaxing)
 .debug_str     0x00000447       0x62 ./Generated_Code/dioda_g.o
                                0x266 (size before relaxing)
 .debug_str     0x000004a9       0x62 ./Generated_Code/dioda_b.o
                                0x266 (size before relaxing)
 .debug_str     0x0000050b       0xbc ./Generated_Code/dioda3.o
                                0x2a4 (size before relaxing)
 .debug_str     0x000005c7       0x7a ./Generated_Code/dioda2.o
                                0x2a4 (size before relaxing)
 .debug_str     0x00000641       0x7a ./Generated_Code/dioda1.o
                                0x2a4 (size before relaxing)
 .debug_str     0x000006bb       0x55 ./Generated_Code/Vectors.o
                                0x161 (size before relaxing)
 .debug_str     0x00000710       0xff ./Generated_Code/UART.o
                                0x243 (size before relaxing)
 .debug_str     0x0000080f      0x2a8 ./Generated_Code/TU4.o
                                0x4c0 (size before relaxing)
 .debug_str     0x00000ab7       0x90 ./Generated_Code/TU2.o
                                0x3f0 (size before relaxing)
 .debug_str     0x00000b47       0xb7 ./Generated_Code/TU1.o
                                0x4c0 (size before relaxing)
 .debug_str     0x00000bfe      0x172 ./Generated_Code/PE_LDD.o
                                0x2c4 (size before relaxing)
 .debug_str     0x00000d70      0x26b ./Generated_Code/Cpu.o
                                0x555 (size before relaxing)
 .debug_str     0x00000fdb      0x201 ./Generated_Code/AdcLdd1.o
                                0x565 (size before relaxing)
 .debug_str     0x000011dc      0x24d ./Generated_Code/ASerialLdd1.o
                                0x542 (size before relaxing)
 .debug_str     0x00001429       0xa1 ./Generated_Code/ADC.o
                                0x21d (size before relaxing)
 .debug_str     0x000014ca       0x85 ./Project_Settings/Startup_Code/__arm_start.o
                                0x18f (size before relaxing)
 .debug_str     0x0000154f       0x41 ./Project_Settings/Startup_Code/__arm_end.o
                                 0xc6 (size before relaxing)
 .debug_str     0x00001590       0x17 ./Sources/main.o
                                0x11a (size before relaxing)
 .debug_str     0x000015a7       0x6b ./Sources/Events.o
                                0x188 (size before relaxing)
 .debug_str     0x00001612       0x54 C:/Freescale/CW MCU v10.6/MCU/ARM_GCC_Support/ewl/lib/armv7e-m/fpu\libc.a(exit.o)
                                0x157 (size before relaxing)
 .debug_str     0x00001666       0x23 C:/Freescale/CW MCU v10.6/MCU/ARM_GCC_Support/ewl/lib/armv7e-m/fpu\libc.a(memset.o)
                                0x140 (size before relaxing)
 .debug_str     0x00001689       0x2d C:/Freescale/CW MCU v10.6/MCU/ARM_GCC_Support/ewl/lib/armv7e-m/fpu\libc.a(__filll_mem.o)
                                0x152 (size before relaxing)
 .debug_str     0x000016b6      0x233 C:/Freescale/CW MCU v10.6/MCU/ARM_GCC_Support/ewl/lib/armv7e-m/fpu\libc.a(printformat_.o)
                                0x3b3 (size before relaxing)
 .debug_str     0x000018e9      0x184 C:/Freescale/CW MCU v10.6/MCU/ARM_GCC_Support/ewl/lib/armv7e-m/fpu\libc.a(scanformat_.o)
                                0x3f9 (size before relaxing)
 .debug_str     0x00001a6d       0x9d C:/Freescale/CW MCU v10.6/MCU/ARM_GCC_Support/ewl/lib/armv7e-m/fpu\libc.a(ctype_aeabi.o)
                                0x1bc (size before relaxing)
 .debug_str     0x00001b0a       0x61 C:/Freescale/CW MCU v10.6/MCU/ARM_GCC_Support/ewl/lib/armv7e-m/fpu\libc.a(__strtoul.o)
                                0x1fb (size before relaxing)
 .debug_str     0x00001b6b       0x1c C:/Freescale/CW MCU v10.6/MCU/ARM_GCC_Support/ewl/lib/armv7e-m/fpu\libc.a(strchr.o)
                                0x137 (size before relaxing)
 .debug_str     0x00001b87       0x1c C:/Freescale/CW MCU v10.6/MCU/ARM_GCC_Support/ewl/lib/armv7e-m/fpu\libc.a(strlen.o)
                                0x140 (size before relaxing)
 .debug_str     0x00001ba3       0x1c C:/Freescale/CW MCU v10.6/MCU/ARM_GCC_Support/ewl/lib/armv7e-m/fpu\libc.a(memchr.o)
                                0x148 (size before relaxing)
 .debug_str     0x00001bbf      0x126 C:/Freescale/CW MCU v10.6/MCU/ARM_GCC_Support/ewl/lib/armv7e-m/fpu\librt.a(gcc_ctor_dtor.o)
                                0x181 (size before relaxing)
 .debug_str     0x00001ce5       0xf8 C:/Freescale/CW MCU v10.6/MCU/ARM_GCC_Support/ewl/lib/armv7e-m/fpu\librt.a(__arm_eabi_init.o)
                                0x1bf (size before relaxing)
 .debug_str     0x00001ddd       0x9c C:/Freescale/CW MCU v10.6/MCU/ARM_GCC_Support/ewl/lib/armv7e-m/fpu\librt.a(ROMCopy.o)
                                0x13c (size before relaxing)

.comment        0x00000000       0x79
 .comment       0x00000000       0x79 ./Generated_Code/serwo.o
                                 0x7a (size before relaxing)
 .comment       0x00000000       0x7a ./Generated_Code/periodyczne.o
 .comment       0x00000000       0x7a ./Generated_Code/extINT_init.o
 .comment       0x00000000       0x7a ./Generated_Code/extINT.o
 .comment       0x00000000       0x7a ./Generated_Code/dioda_r.o
 .comment       0x00000000       0x7a ./Generated_Code/dioda_g.o
 .comment       0x00000000       0x7a ./Generated_Code/dioda_b.o
 .comment       0x00000000       0x7a ./Generated_Code/dioda3.o
 .comment       0x00000000       0x7a ./Generated_Code/dioda2.o
 .comment       0x00000000       0x7a ./Generated_Code/dioda1.o
 .comment       0x00000000       0x7a ./Generated_Code/Vectors.o
 .comment       0x00000000       0x7a ./Generated_Code/UART.o
 .comment       0x00000000       0x7a ./Generated_Code/TU4.o
 .comment       0x00000000       0x7a ./Generated_Code/TU2.o
 .comment       0x00000000       0x7a ./Generated_Code/TU1.o
 .comment       0x00000000       0x7a ./Generated_Code/PE_LDD.o
 .comment       0x00000000       0x7a ./Generated_Code/Cpu.o
 .comment       0x00000000       0x7a ./Generated_Code/AdcLdd1.o
 .comment       0x00000000       0x7a ./Generated_Code/ASerialLdd1.o
 .comment       0x00000000       0x7a ./Generated_Code/ADC.o
 .comment       0x00000000       0x7a ./Project_Settings/Startup_Code/__arm_start.o
 .comment       0x00000000       0x7a ./Project_Settings/Startup_Code/__arm_end.o
 .comment       0x00000000       0x7a ./Sources/main.o
 .comment       0x00000000       0x7a ./Sources/Events.o
 .comment       0x00000000       0x7a C:/Freescale/CW MCU v10.6/MCU/ARM_GCC_Support/ewl/lib/armv7e-m/fpu\libc.a(exit.o)
 .comment       0x00000000       0x7a C:/Freescale/CW MCU v10.6/MCU/ARM_GCC_Support/ewl/lib/armv7e-m/fpu\libc.a(memset.o)
 .comment       0x00000000       0x7a C:/Freescale/CW MCU v10.6/MCU/ARM_GCC_Support/ewl/lib/armv7e-m/fpu\libc.a(__filll_mem.o)
 .comment       0x00000000       0x7a C:/Freescale/CW MCU v10.6/MCU/ARM_GCC_Support/ewl/lib/armv7e-m/fpu\libc.a(printformat_.o)
 .comment       0x00000000       0x7a C:/Freescale/CW MCU v10.6/MCU/ARM_GCC_Support/ewl/lib/armv7e-m/fpu\libc.a(scanformat_.o)
 .comment       0x00000000       0x7a C:/Freescale/CW MCU v10.6/MCU/ARM_GCC_Support/ewl/lib/armv7e-m/fpu\libc.a(ctype_aeabi.o)
 .comment       0x00000000       0x7a C:/Freescale/CW MCU v10.6/MCU/ARM_GCC_Support/ewl/lib/armv7e-m/fpu\libc.a(__strtoul.o)
 .comment       0x00000000       0x7a C:/Freescale/CW MCU v10.6/MCU/ARM_GCC_Support/ewl/lib/armv7e-m/fpu\libc.a(strchr.o)
 .comment       0x00000000       0x7a C:/Freescale/CW MCU v10.6/MCU/ARM_GCC_Support/ewl/lib/armv7e-m/fpu\libc.a(strlen.o)
 .comment       0x00000000       0x7a C:/Freescale/CW MCU v10.6/MCU/ARM_GCC_Support/ewl/lib/armv7e-m/fpu\libc.a(memchr.o)
 .comment       0x00000000       0x7a C:/Freescale/CW MCU v10.6/MCU/ARM_GCC_Support/ewl/lib/armv7e-m/fpu\librt.a(gcc_ctor_dtor.o)
 .comment       0x00000000       0x7a C:/Freescale/CW MCU v10.6/MCU/ARM_GCC_Support/ewl/lib/armv7e-m/fpu\librt.a(__arm_eabi_init.o)
 .comment       0x00000000       0x7a C:/Freescale/CW MCU v10.6/MCU/ARM_GCC_Support/ewl/lib/armv7e-m/fpu\librt.a(ROMCopy.o)

.debug_frame    0x00000000     0x1018
 .debug_frame   0x00000000       0x90 ./Generated_Code/serwo.o
 .debug_frame   0x00000090       0x50 ./Generated_Code/periodyczne.o
 .debug_frame   0x000000e0       0x28 ./Generated_Code/extINT_init.o
 .debug_frame   0x00000108       0x4c ./Generated_Code/extINT.o
 .debug_frame   0x00000154       0x90 ./Generated_Code/dioda_r.o
 .debug_frame   0x000001e4       0x90 ./Generated_Code/dioda_g.o
 .debug_frame   0x00000274       0x90 ./Generated_Code/dioda_b.o
 .debug_frame   0x00000304       0x80 ./Generated_Code/dioda3.o
 .debug_frame   0x00000384       0x80 ./Generated_Code/dioda2.o
 .debug_frame   0x00000404       0x80 ./Generated_Code/dioda1.o
 .debug_frame   0x00000484       0xdc ./Generated_Code/UART.o
 .debug_frame   0x00000560       0xbc ./Generated_Code/TU4.o
 .debug_frame   0x0000061c       0x50 ./Generated_Code/TU2.o
 .debug_frame   0x0000066c       0xbc ./Generated_Code/TU1.o
 .debug_frame   0x00000728       0x64 ./Generated_Code/PE_LDD.o
 .debug_frame   0x0000078c       0xc8 ./Generated_Code/Cpu.o
 .debug_frame   0x00000854       0xdc ./Generated_Code/AdcLdd1.o
 .debug_frame   0x00000930      0x11c ./Generated_Code/ASerialLdd1.o
 .debug_frame   0x00000a4c       0xa4 ./Generated_Code/ADC.o
 .debug_frame   0x00000af0       0x4c ./Project_Settings/Startup_Code/__arm_start.o
 .debug_frame   0x00000b3c       0x2c ./Project_Settings/Startup_Code/__arm_end.o
 .debug_frame   0x00000b68       0x2c ./Sources/main.o
 .debug_frame   0x00000b94       0x98 ./Sources/Events.o
 .debug_frame   0x00000c2c       0x28 C:/Freescale/CW MCU v10.6/MCU/ARM_GCC_Support/ewl/lib/armv7e-m/fpu\libc.a(exit.o)
 .debug_frame   0x00000c54       0x28 C:/Freescale/CW MCU v10.6/MCU/ARM_GCC_Support/ewl/lib/armv7e-m/fpu\libc.a(memset.o)
 .debug_frame   0x00000c7c       0x2c C:/Freescale/CW MCU v10.6/MCU/ARM_GCC_Support/ewl/lib/armv7e-m/fpu\libc.a(__filll_mem.o)
 .debug_frame   0x00000ca8       0x64 C:/Freescale/CW MCU v10.6/MCU/ARM_GCC_Support/ewl/lib/armv7e-m/fpu\libc.a(printformat_.o)
 .debug_frame   0x00000d0c       0x3c C:/Freescale/CW MCU v10.6/MCU/ARM_GCC_Support/ewl/lib/armv7e-m/fpu\libc.a(scanformat_.o)
 .debug_frame   0x00000d48       0xf0 C:/Freescale/CW MCU v10.6/MCU/ARM_GCC_Support/ewl/lib/armv7e-m/fpu\libc.a(ctype_aeabi.o)
 .debug_frame   0x00000e38       0x3c C:/Freescale/CW MCU v10.6/MCU/ARM_GCC_Support/ewl/lib/armv7e-m/fpu\libc.a(__strtoul.o)
 .debug_frame   0x00000e74       0x20 C:/Freescale/CW MCU v10.6/MCU/ARM_GCC_Support/ewl/lib/armv7e-m/fpu\libc.a(strchr.o)
 .debug_frame   0x00000e94       0x20 C:/Freescale/CW MCU v10.6/MCU/ARM_GCC_Support/ewl/lib/armv7e-m/fpu\libc.a(strlen.o)
 .debug_frame   0x00000eb4       0x20 C:/Freescale/CW MCU v10.6/MCU/ARM_GCC_Support/ewl/lib/armv7e-m/fpu\libc.a(memchr.o)
 .debug_frame   0x00000ed4       0x40 C:/Freescale/CW MCU v10.6/MCU/ARM_GCC_Support/ewl/lib/armv7e-m/fpu\librt.a(gcc_ctor_dtor.o)
 .debug_frame   0x00000f14       0xbc C:/Freescale/CW MCU v10.6/MCU/ARM_GCC_Support/ewl/lib/armv7e-m/fpu\librt.a(__arm_eabi_init.o)
 .debug_frame   0x00000fd0       0x48 C:/Freescale/CW MCU v10.6/MCU/ARM_GCC_Support/ewl/lib/armv7e-m/fpu\librt.a(ROMCopy.o)
